Archive member included to satisfy reference by file (symbol)

c:/program files (x86)/gnu tools arm embedded/8 2019-q3-update/bin/../lib/gcc/arm-none-eabi/8.3.1/../../../../arm-none-eabi/lib/thumb/v7-m/nofp\libc_nano.a(lib_a-exit.o)
                              c:/program files (x86)/gnu tools arm embedded/8 2019-q3-update/bin/../lib/gcc/arm-none-eabi/8.3.1/../../../../arm-none-eabi/lib/thumb/v7-m/nofp/crt0.o (exit)
c:/program files (x86)/gnu tools arm embedded/8 2019-q3-update/bin/../lib/gcc/arm-none-eabi/8.3.1/../../../../arm-none-eabi/lib/thumb/v7-m/nofp\libc_nano.a(lib_a-impure.o)
                              c:/program files (x86)/gnu tools arm embedded/8 2019-q3-update/bin/../lib/gcc/arm-none-eabi/8.3.1/../../../../arm-none-eabi/lib/thumb/v7-m/nofp\libc_nano.a(lib_a-exit.o) (_global_impure_ptr)
c:/program files (x86)/gnu tools arm embedded/8 2019-q3-update/bin/../lib/gcc/arm-none-eabi/8.3.1/../../../../arm-none-eabi/lib/thumb/v7-m/nofp\libc_nano.a(lib_a-init.o)
                              c:/program files (x86)/gnu tools arm embedded/8 2019-q3-update/bin/../lib/gcc/arm-none-eabi/8.3.1/../../../../arm-none-eabi/lib/thumb/v7-m/nofp/crt0.o (__libc_init_array)
c:/program files (x86)/gnu tools arm embedded/8 2019-q3-update/bin/../lib/gcc/arm-none-eabi/8.3.1/../../../../arm-none-eabi/lib/thumb/v7-m/nofp\libc_nano.a(lib_a-memcpy-stub.o)
                              build/queue.o (memcpy)
c:/program files (x86)/gnu tools arm embedded/8 2019-q3-update/bin/../lib/gcc/arm-none-eabi/8.3.1/../../../../arm-none-eabi/lib/thumb/v7-m/nofp\libc_nano.a(lib_a-memset.o)
                              c:/program files (x86)/gnu tools arm embedded/8 2019-q3-update/bin/../lib/gcc/arm-none-eabi/8.3.1/../../../../arm-none-eabi/lib/thumb/v7-m/nofp/crt0.o (memset)
c:/program files (x86)/gnu tools arm embedded/8 2019-q3-update/bin/../lib/gcc/arm-none-eabi/8.3.1/../../../../arm-none-eabi/lib/thumb/v7-m/nofp\libnosys.a(_exit.o)
                              c:/program files (x86)/gnu tools arm embedded/8 2019-q3-update/bin/../lib/gcc/arm-none-eabi/8.3.1/../../../../arm-none-eabi/lib/thumb/v7-m/nofp\libc_nano.a(lib_a-exit.o) (_exit)

Allocating common symbols
Common symbol       size              file

USERPath            0x4               build/fatfs.o
defaultTaskHandle   0x4               build/freertos.o
uwTick              0x4               build/stm32f1xx_hal.o
xQueueRegistry      0x40              build/queue.o
pFlash              0x20              build/stm32f1xx_hal_flash.o
hsram1              0x44              build/fsmc.o
retUSER             0x1               build/fatfs.o
htim7               0x40              build/stm32f1xx_hal_timebase_tim.o
USERFile            0x22c             build/fatfs.o
USERFatFS           0x234             build/fatfs.o

Discarded input sections

 .text          0x00000000        0x0 c:/program files (x86)/gnu tools arm embedded/8 2019-q3-update/bin/../lib/gcc/arm-none-eabi/8.3.1/thumb/v7-m/nofp/crti.o
 .data          0x00000000        0x0 c:/program files (x86)/gnu tools arm embedded/8 2019-q3-update/bin/../lib/gcc/arm-none-eabi/8.3.1/thumb/v7-m/nofp/crti.o
 .bss           0x00000000        0x0 c:/program files (x86)/gnu tools arm embedded/8 2019-q3-update/bin/../lib/gcc/arm-none-eabi/8.3.1/thumb/v7-m/nofp/crti.o
 .data          0x00000000        0x4 c:/program files (x86)/gnu tools arm embedded/8 2019-q3-update/bin/../lib/gcc/arm-none-eabi/8.3.1/thumb/v7-m/nofp/crtbegin.o
 .text          0x00000000       0x74 c:/program files (x86)/gnu tools arm embedded/8 2019-q3-update/bin/../lib/gcc/arm-none-eabi/8.3.1/../../../../arm-none-eabi/lib/thumb/v7-m/nofp/crt0.o
 .data          0x00000000        0x0 c:/program files (x86)/gnu tools arm embedded/8 2019-q3-update/bin/../lib/gcc/arm-none-eabi/8.3.1/../../../../arm-none-eabi/lib/thumb/v7-m/nofp/crt0.o
 .bss           0x00000000        0x0 c:/program files (x86)/gnu tools arm embedded/8 2019-q3-update/bin/../lib/gcc/arm-none-eabi/8.3.1/../../../../arm-none-eabi/lib/thumb/v7-m/nofp/crt0.o
 .ARM.extab     0x00000000        0x0 c:/program files (x86)/gnu tools arm embedded/8 2019-q3-update/bin/../lib/gcc/arm-none-eabi/8.3.1/../../../../arm-none-eabi/lib/thumb/v7-m/nofp/crt0.o
 .ARM.exidx     0x00000000        0x8 c:/program files (x86)/gnu tools arm embedded/8 2019-q3-update/bin/../lib/gcc/arm-none-eabi/8.3.1/../../../../arm-none-eabi/lib/thumb/v7-m/nofp/crt0.o
 .ARM.attributes
                0x00000000       0x1b c:/program files (x86)/gnu tools arm embedded/8 2019-q3-update/bin/../lib/gcc/arm-none-eabi/8.3.1/../../../../arm-none-eabi/lib/thumb/v7-m/nofp/crt0.o
 .text          0x00000000        0x0 build/lcd.o
 .data          0x00000000        0x0 build/lcd.o
 .bss           0x00000000        0x0 build/lcd.o
 .text.LCD_Read_Data
                0x00000000        0xc build/lcd.o
 .text.LCD_Read_PixelData
                0x00000000       0x34 build/lcd.o
 .text.LCD_GetPointPixel
                0x00000000       0x10 build/lcd.o
 .text.LCD_DrawChar
[...]
Memory Configuration

Name             Origin             Length             Attributes
RAM              0x20000000         0x00010000         xrw
FLASH            0x08000000         0x00080000         xr
*default*        0x00000000         0xffffffff

Linker script and memory map

LOAD c:/program files (x86)/gnu tools arm embedded/8 2019-q3-update/bin/../lib/gcc/arm-none-eabi/8.3.1/thumb/v7-m/nofp/crti.o
LOAD c:/program files (x86)/gnu tools arm embedded/8 2019-q3-update/bin/../lib/gcc/arm-none-eabi/8.3.1/thumb/v7-m/nofp/crtbegin.o
LOAD c:/program files (x86)/gnu tools arm embedded/8 2019-q3-update/bin/../lib/gcc/arm-none-eabi/8.3.1/../../../../arm-none-eabi/lib/thumb/v7-m/nofp/crt0.o
LOAD build/lcd.o
LOAD build/main.o
LOAD build/gpio.o
LOAD build/user_diskio.o
LOAD build/fatfs.o
LOAD build/freertos.o
LOAD build/stm32f1xx_it.o
LOAD build/stm32f1xx_hal_msp.o
LOAD build/stm32f1xx_hal_timebase_tim.o
LOAD build/stm32f1xx_hal_gpio_ex.o
LOAD build/stm32f1xx_hal_tim.o
LOAD build/stm32f1xx_hal_tim_ex.o
LOAD build/stm32f1xx_hal.o
LOAD build/stm32f1xx_hal_rcc.o
LOAD build/stm32f1xx_hal_rcc_ex.o
LOAD build/stm32f1xx_hal_gpio.o
LOAD build/stm32f1xx_hal_dma.o
LOAD build/stm32f1xx_hal_cortex.o
LOAD build/stm32f1xx_hal_pwr.o
LOAD build/stm32f1xx_hal_flash.o
LOAD build/stm32f1xx_hal_flash_ex.o
LOAD build/system_stm32f1xx.o
LOAD build/diskio.o
LOAD build/ff.o
LOAD build/ff_gen_drv.o
LOAD build/syscall.o
LOAD build/croutine.o
LOAD build/event_groups.o
LOAD build/list.o
LOAD build/queue.o
LOAD build/tasks.o
LOAD build/timers.o
LOAD build/cmsis_os.o
LOAD build/heap_4.o
LOAD build/port.o
LOAD build/fsmc.o
LOAD build/stm32f1xx_ll_fsmc.o
LOAD build/stm32f1xx_hal_sram.o
LOAD build/startup_stm32f103xe.o
LOAD c:/program files (x86)/gnu tools arm embedded/8 2019-q3-update/bin/../lib/gcc/arm-none-eabi/8.3.1/../../../../arm-none-eabi/lib/thumb/v7-m/nofp\libc_nano.a
LOAD c:/program files (x86)/gnu tools arm embedded/8 2019-q3-update/bin/../lib/gcc/arm-none-eabi/8.3.1/../../../../arm-none-eabi/lib/thumb/v7-m/nofp\libm.a
LOAD c:/program files (x86)/gnu tools arm embedded/8 2019-q3-update/bin/../lib/gcc/arm-none-eabi/8.3.1/../../../../arm-none-eabi/lib/thumb/v7-m/nofp\libnosys.a
START GROUP
LOAD c:/program files (x86)/gnu tools arm embedded/8 2019-q3-update/bin/../lib/gcc/arm-none-eabi/8.3.1/thumb/v7-m/nofp\libgcc.a
LOAD c:/program files (x86)/gnu tools arm embedded/8 2019-q3-update/bin/../lib/gcc/arm-none-eabi/8.3.1/../../../../arm-none-eabi/lib/thumb/v7-m/nofp\libc_nano.a
END GROUP
START GROUP
LOAD c:/program files (x86)/gnu tools arm embedded/8 2019-q3-update/bin/../lib/gcc/arm-none-eabi/8.3.1/thumb/v7-m/nofp\libgcc.a
LOAD c:/program files (x86)/gnu tools arm embedded/8 2019-q3-update/bin/../lib/gcc/arm-none-eabi/8.3.1/../../../../arm-none-eabi/lib/thumb/v7-m/nofp\libc_nano.a
END GROUP
LOAD c:/program files (x86)/gnu tools arm embedded/8 2019-q3-update/bin/../lib/gcc/arm-none-eabi/8.3.1/thumb/v7-m/nofp/crtend.o
LOAD c:/program files (x86)/gnu tools arm embedded/8 2019-q3-update/bin/../lib/gcc/arm-none-eabi/8.3.1/thumb/v7-m/nofp/crtn.o
                0x20010000                _estack = 0x20010000
                0x00000200                _Min_Heap_Size = 0x200
                0x00000400                _Min_Stack_Size = 0x400

.isr_vector     0x08000000      0x1e4
                0x08000000                . = ALIGN (0x4)
 *(.isr_vector)
 .isr_vector    0x08000000      0x1e4 build/startup_stm32f103xe.o
                0x08000000                g_pfnVectors
                0x080001e4                . = ALIGN (0x4)

.text           0x080001f0     0x2268
                0x080001f0                . = ALIGN (0x4)
 *(.text)
 .text          0x080001f0       0x40 c:/program files (x86)/gnu tools arm embedded/8 2019-q3-update/bin/../lib/gcc/arm-none-eabi/8.3.1/thumb/v7-m/nofp/crtbegin.o
 *(.text*)
 .text.Delay    0x08000230       0x14 build/lcd.o
                0x08000230                Delay
 .text.LCD_Rst  0x08000244       0x30 build/lcd.o
                0x08000244                LCD_Rst
 .text.LCD_BackLed_Control
                0x08000274       0x24 build/lcd.o
                0x08000274                LCD_BackLed_Control
 .text.LCD_Write_Cmd
                0x08000298        0x8 build/lcd.o
                0x08000298                LCD_Write_Cmd
 .text.LCD_Write_Data
                0x080002a0        0xc build/lcd.o
                0x080002a0                LCD_Write_Data
 .text.LCD_REG_Config
                0x080002ac      0x230 build/lcd.o
                0x080002ac                LCD_REG_Config
 .text.LCD_OpenWindow
                0x080004dc       0x5c build/lcd.o
                0x080004dc                LCD_OpenWindow
 .text.LCD_FillColor
                0x08000538       0x1e build/lcd.o
                0x08000538                LCD_FillColor
 .text.LCD_Clear
                0x08000556       0x18 build/lcd.o
                0x08000556                LCD_Clear
 .text.LCD_INIT
                0x0800056e       0x2c build/lcd.o
                0x0800056e                LCD_INIT
 .text.SystemClock_Config
                0x0800059a       0x52 build/main.o
                0x0800059a                SystemClock_Config
 .text.main     0x080005ec       0x20 build/main.o
                0x080005ec                main
 .text.HAL_TIM_PeriodElapsedCallback
                0x0800060c       0x18 build/main.o
                0x0800060c                HAL_TIM_PeriodElapsedCallback
 .text.Error_Handler
                0x08000624        0x2 build/main.o
                0x08000624                Error_Handler
 *fill*         0x08000626        0x2 
 .text.MX_GPIO_Init
                0x08000628       0xec build/gpio.o
                0x08000628                MX_GPIO_Init
 .text.USER_initialize
                0x08000714       0x10 build/user_diskio.o
                0x08000714                USER_initialize
 .text.USER_status
                0x08000724       0x10 build/user_diskio.o
                0x08000724                USER_status
 .text.USER_read
                0x08000734        0x4 build/user_diskio.o
                0x08000734                USER_read
 .text.USER_write
                0x08000738        0x4 build/user_diskio.o
                0x08000738                USER_write
 .text.USER_ioctl
                0x0800073c        0x4 build/user_diskio.o
                0x0800073c                USER_ioctl
 .text.MX_FATFS_Init
                0x08000740       0x1c build/fatfs.o
                0x08000740                MX_FATFS_Init
 .text.StartDefaultTask
                0x0800075c       0x30 build/freertos.o
                0x0800075c                StartDefaultTask
 .text.MX_FREERTOS_Init
                0x0800078c       0x28 build/freertos.o
                0x0800078c                MX_FREERTOS_Init
 .text.NMI_Handler
                0x080007b4        0x2 build/stm32f1xx_it.o
                0x080007b4                NMI_Handler
 .text.HardFault_Handler
                0x080007b6        0x2 build/stm32f1xx_it.o
                0x080007b6                HardFault_Handler
 .text.MemManage_Handler
                0x080007b8        0x2 build/stm32f1xx_it.o
                0x080007b8                MemManage_Handler
 .text.BusFault_Handler
                0x080007ba        0x2 build/stm32f1xx_it.o
                0x080007ba                BusFault_Handler
 .text.UsageFault_Handler
                0x080007bc        0x2 build/stm32f1xx_it.o
                0x080007bc                UsageFault_Handler
 .text.DebugMon_Handler
                0x080007be        0x2 build/stm32f1xx_it.o
                0x080007be                DebugMon_Handler
 .text.TIM7_IRQHandler
                0x080007c0       0x10 build/stm32f1xx_it.o
                0x080007c0                TIM7_IRQHandler
 .text.HAL_MspInit
                0x080007d0       0x54 build/stm32f1xx_hal_msp.o
                0x080007d0                HAL_MspInit
 .text.HAL_InitTick
                0x08000824       0x7c build/stm32f1xx_hal_timebase_tim.o
                0x08000824                HAL_InitTick
 .text.HAL_TIM_Base_MspInit
                0x080008a0        0x2 build/stm32f1xx_hal_tim.o
                0x080008a0                HAL_TIM_Base_MspInit
 .text.HAL_TIM_Base_Start_IT
                0x080008a2       0x18 build/stm32f1xx_hal_tim.o
                0x080008a2                HAL_TIM_Base_Start_IT
 .text.HAL_TIM_OC_DelayElapsedCallback
                0x080008ba        0x2 build/stm32f1xx_hal_tim.o
                0x080008ba                HAL_TIM_OC_DelayElapsedCallback
 .text.HAL_TIM_IC_CaptureCallback
                0x080008bc        0x2 build/stm32f1xx_hal_tim.o
                0x080008bc                HAL_TIM_IC_CaptureCallback
 .text.HAL_TIM_PWM_PulseFinishedCallback
                0x080008be        0x2 build/stm32f1xx_hal_tim.o
                0x080008be                HAL_TIM_PWM_PulseFinishedCallback
 .text.HAL_TIM_TriggerCallback
                0x080008c0        0x2 build/stm32f1xx_hal_tim.o
                0x080008c0                HAL_TIM_TriggerCallback
 .text.HAL_TIM_IRQHandler
                0x080008c2      0x17a build/stm32f1xx_hal_tim.o
                0x080008c2                HAL_TIM_IRQHandler
 .text.TIM_Base_SetConfig
                0x08000a3c       0x98 build/stm32f1xx_hal_tim.o
                0x08000a3c                TIM_Base_SetConfig
 .text.HAL_TIM_Base_Init
                0x08000ad4       0x34 build/stm32f1xx_hal_tim.o
                0x08000ad4                HAL_TIM_Base_Init
 .text.HAL_TIMEx_CommutationCallback
                0x08000b08        0x2 build/stm32f1xx_hal_tim_ex.o
                0x08000b08                HAL_TIMEx_CommutationCallback
 .text.HAL_TIMEx_BreakCallback
                0x08000b0a        0x2 build/stm32f1xx_hal_tim_ex.o
                0x08000b0a                HAL_TIMEx_BreakCallback
 .text.HAL_Init
                0x08000b0c       0x24 build/stm32f1xx_hal.o
                0x08000b0c                HAL_Init
 .text.HAL_IncTick
                0x08000b30       0x18 build/stm32f1xx_hal.o
                0x08000b30                HAL_IncTick
 .text.HAL_GetTick
                0x08000b48        0xc build/stm32f1xx_hal.o
                0x08000b48                HAL_GetTick
 .text.RCC_Delay
                0x08000b54       0x2c build/stm32f1xx_hal_rcc.o
 .text.HAL_RCC_OscConfig
                0x08000b80      0x3e0 build/stm32f1xx_hal_rcc.o
                0x08000b80                HAL_RCC_OscConfig
 .text.HAL_RCC_GetSysClockFreq
                0x08000f60       0x70 build/stm32f1xx_hal_rcc.o
                0x08000f60                HAL_RCC_GetSysClockFreq
 .text.HAL_RCC_ClockConfig
                0x08000fd0      0x19c build/stm32f1xx_hal_rcc.o
                0x08000fd0                HAL_RCC_ClockConfig
 .text.HAL_RCC_GetHCLKFreq
                0x0800116c        0xc build/stm32f1xx_hal_rcc.o
                0x0800116c                HAL_RCC_GetHCLKFreq
 .text.HAL_RCC_GetPCLK1Freq
                0x08001178       0x20 build/stm32f1xx_hal_rcc.o
                0x08001178                HAL_RCC_GetPCLK1Freq
 .text.HAL_RCC_GetClockConfig
                0x08001198       0x3c build/stm32f1xx_hal_rcc.o
                0x08001198                HAL_RCC_GetClockConfig
 .text.HAL_GPIO_Init
                0x080011d4      0x1e8 build/stm32f1xx_hal_gpio.o
                0x080011d4                HAL_GPIO_Init
 .text.HAL_GPIO_WritePin
                0x080013bc        0xc build/stm32f1xx_hal_gpio.o
                0x080013bc                HAL_GPIO_WritePin
 .text.HAL_GPIO_TogglePin
                0x080013c8        0x8 build/stm32f1xx_hal_gpio.o
                0x080013c8                HAL_GPIO_TogglePin
 .text.HAL_NVIC_SetPriorityGrouping
                0x080013d0       0x24 build/stm32f1xx_hal_cortex.o
                0x080013d0                HAL_NVIC_SetPriorityGrouping
 .text.HAL_NVIC_SetPriority
                0x080013f4       0x68 build/stm32f1xx_hal_cortex.o
                0x080013f4                HAL_NVIC_SetPriority
 .text.HAL_NVIC_EnableIRQ
                0x0800145c       0x18 build/stm32f1xx_hal_cortex.o
                0x0800145c                HAL_NVIC_EnableIRQ
 .text.SystemInit
                0x08001474       0x4c build/system_stm32f1xx.o
                0x08001474                SystemInit
 .text.FATFS_LinkDriverEx
                0x080014c0       0x4c build/ff_gen_drv.o
                0x080014c0                FATFS_LinkDriverEx
 .text.FATFS_LinkDriver
                0x0800150c        0xa build/ff_gen_drv.o
                0x0800150c                FATFS_LinkDriver
 .text.vListInitialise
                0x08001516       0x16 build/list.o
                0x08001516                vListInitialise
 .text.vListInitialiseItem
                0x0800152c        0x6 build/list.o
                0x0800152c                vListInitialiseItem
 .text.vListInsertEnd
                0x08001532       0x16 build/list.o
                0x08001532                vListInsertEnd
 .text.vListInsert
                0x08001548       0x34 build/list.o
                0x08001548                vListInsert
 .text.uxListRemove
                0x0800157c       0x24 build/list.o
                0x0800157c                uxListRemove
 .text.prvResetNextTaskUnblockTime
                0x080015a0       0x2c build/tasks.o
 .text.prvDeleteTCB
                0x080015cc       0x12 build/tasks.o
 .text.prvInitialiseNewTask
                0x080015de       0x7e build/tasks.o
 .text.prvInitialiseTaskLists
                0x0800165c       0x68 build/tasks.o
 .text.prvAddNewTaskToReadyList
                0x080016c4       0xa8 build/tasks.o
 .text.prvAddCurrentTaskToDelayedList
                0x0800176c       0x98 build/tasks.o
 .text.xTaskCreate
                0x08001804       0x62 build/tasks.o
                0x08001804                xTaskCreate
 *fill*         0x08001866        0x2 
 .text.vTaskStartScheduler
                0x08001868       0x7c build/tasks.o
                0x08001868                vTaskStartScheduler
 .text.vTaskSuspendAll
                0x080018e4       0x10 build/tasks.o
                0x080018e4                vTaskSuspendAll
 .text.xTaskIncrementTick
                0x080018f4      0x118 build/tasks.o
                0x080018f4                xTaskIncrementTick
 .text.xTaskResumeAll
                0x08001a0c       0xf8 build/tasks.o
                0x08001a0c                xTaskResumeAll
 .text.vTaskDelay
                0x08001b04       0x4c build/tasks.o
                0x08001b04                vTaskDelay
 .text.prvCheckTasksWaitingTermination
                0x08001b50       0x5c build/tasks.o
 .text.prvIdleTask
                0x08001bac       0x28 build/tasks.o
 .text.vTaskSwitchContext
                0x08001bd4       0x98 build/tasks.o
                0x08001bd4                vTaskSwitchContext
 .text.makeFreeRtosPriority
                0x08001c6c        0xc build/cmsis_os.o
 .text.osKernelStart
                0x08001c78        0xa build/cmsis_os.o
                0x08001c78                osKernelStart
 .text.osThreadCreate
                0x08001c82       0x34 build/cmsis_os.o
                0x08001c82                osThreadCreate
 .text.osDelay  0x08001cb6       0x12 build/cmsis_os.o
                0x08001cb6                osDelay
 .text.prvHeapInit
                0x08001cc8       0x64 build/heap_4.o
 .text.prvInsertBlockIntoFreeList
                0x08001d2c       0x58 build/heap_4.o
 .text.pvPortMalloc
                0x08001d84      0x108 build/heap_4.o
                0x08001d84                pvPortMalloc
 .text.vPortFree
                0x08001e8c       0x70 build/heap_4.o
                0x08001e8c                vPortFree
 .text.prvTaskExitError
                0x08001efc       0x34 build/port.o
 .text.prvPortStartFirstTask
                0x08001f30       0x20 build/port.o
 .text.pxPortInitialiseStack
                0x08001f50       0x24 build/port.o
                0x08001f50                pxPortInitialiseStack
 *fill*         0x08001f74        0xc 
 .text.SVC_Handler
                0x08001f80       0x24 build/port.o
                0x08001f80                SVC_Handler
 .text.vPortEnterCritical
                0x08001fa4       0x44 build/port.o
                0x08001fa4                vPortEnterCritical
 .text.vPortExitCritical
                0x08001fe8       0x2c build/port.o
                0x08001fe8                vPortExitCritical
 *fill*         0x08002014        0xc 
 .text.PendSV_Handler
                0x08002020       0x44 build/port.o
                0x08002020                PendSV_Handler
 .text.SysTick_Handler
                0x08002064       0x2c build/port.o
                0x08002064                SysTick_Handler
 .text.vPortSetupTimerInterrupt
                0x08002090       0x2c build/port.o
                0x08002090                vPortSetupTimerInterrupt
 .text.xPortStartScheduler
                0x080020bc       0x98 build/port.o
                0x080020bc                xPortStartScheduler
 .text.HAL_FSMC_MspInit
                0x08002154       0x6c build/fsmc.o
 .text.MX_FSMC_Init
                0x080021c0       0x6c build/fsmc.o
                0x080021c0                MX_FSMC_Init
 .text.HAL_SRAM_MspInit
                0x0800222c        0x8 build/fsmc.o
                0x0800222c                HAL_SRAM_MspInit
 .text.FSMC_NORSRAM_Init
                0x08002234       0xa0 build/stm32f1xx_ll_fsmc.o
                0x08002234                FSMC_NORSRAM_Init
 .text.FSMC_NORSRAM_Timing_Init
                0x080022d4       0x40 build/stm32f1xx_ll_fsmc.o
                0x080022d4                FSMC_NORSRAM_Timing_Init
 .text.FSMC_NORSRAM_Extended_Timing_Init
                0x08002314       0x44 build/stm32f1xx_ll_fsmc.o
                0x08002314                FSMC_NORSRAM_Extended_Timing_Init
 .text.HAL_SRAM_Init
                0x08002358       0x52 build/stm32f1xx_hal_sram.o
                0x08002358                HAL_SRAM_Init
 *fill*         0x080023aa        0x2 
 .text.Reset_Handler
                0x080023ac       0x48 build/startup_stm32f103xe.o
                0x080023ac                Reset_Handler
 .text.Default_Handler
                0x080023f4        0x2 build/startup_stm32f103xe.o
                0x080023f4                RTC_Alarm_IRQHandler
                0x080023f4                EXTI2_IRQHandler
                0x080023f4                TIM8_TRG_COM_IRQHandler
                0x080023f4                TIM8_CC_IRQHandler
                0x080023f4                TIM1_CC_IRQHandler
                0x080023f4                TIM6_IRQHandler
                0x080023f4                PVD_IRQHandler
                0x080023f4                SDIO_IRQHandler
                0x080023f4                EXTI3_IRQHandler
                0x080023f4                EXTI0_IRQHandler
                0x080023f4                I2C2_EV_IRQHandler
                0x080023f4                ADC1_2_IRQHandler
                0x080023f4                SPI1_IRQHandler
                0x080023f4                TAMPER_IRQHandler
                0x080023f4                TIM8_UP_IRQHandler
                0x080023f4                DMA2_Channel2_IRQHandler
                0x080023f4                DMA1_Channel4_IRQHandler
                0x080023f4                USART3_IRQHandler
                0x080023f4                RTC_IRQHandler
                0x080023f4                DMA1_Channel7_IRQHandler
                0x080023f4                CAN1_RX1_IRQHandler
                0x080023f4                UART5_IRQHandler
                0x080023f4                ADC3_IRQHandler
                0x080023f4                TIM4_IRQHandler
                0x080023f4                DMA2_Channel1_IRQHandler
                0x080023f4                I2C1_EV_IRQHandler
                0x080023f4                DMA1_Channel6_IRQHandler
                0x080023f4                UART4_IRQHandler
                0x080023f4                TIM3_IRQHandler
                0x080023f4                RCC_IRQHandler
                0x080023f4                TIM1_TRG_COM_IRQHandler
                0x080023f4                DMA1_Channel1_IRQHandler
                0x080023f4                Default_Handler
                0x080023f4                EXTI15_10_IRQHandler
                0x080023f4                TIM5_IRQHandler
                0x080023f4                EXTI9_5_IRQHandler
                0x080023f4                SPI2_IRQHandler
                0x080023f4                DMA1_Channel5_IRQHandler
                0x080023f4                EXTI4_IRQHandler
                0x080023f4                USB_LP_CAN1_RX0_IRQHandler
                0x080023f4                USB_HP_CAN1_TX_IRQHandler
                0x080023f4                DMA1_Channel3_IRQHandler
                0x080023f4                FSMC_IRQHandler
                0x080023f4                TIM1_UP_IRQHandler
                0x080023f4                WWDG_IRQHandler
                0x080023f4                TIM2_IRQHandler
                0x080023f4                TIM1_BRK_IRQHandler
                0x080023f4                EXTI1_IRQHandler
                0x080023f4                DMA2_Channel4_5_IRQHandler
                0x080023f4                USART2_IRQHandler
                0x080023f4                I2C2_ER_IRQHandler
                0x080023f4                DMA1_Channel2_IRQHandler
                0x080023f4                TIM8_BRK_IRQHandler
                0x080023f4                CAN1_SCE_IRQHandler
                0x080023f4                FLASH_IRQHandler
                0x080023f4                USART1_IRQHandler
                0x080023f4                SPI3_IRQHandler
                0x080023f4                I2C1_ER_IRQHandler
                0x080023f4                USBWakeUp_IRQHandler
                0x080023f4                DMA2_Channel3_IRQHandler
 *fill*         0x080023f6        0x2 
 .text.__libc_init_array
                0x080023f8       0x48 c:/program files (x86)/gnu tools arm embedded/8 2019-q3-update/bin/../lib/gcc/arm-none-eabi/8.3.1/../../../../arm-none-eabi/lib/thumb/v7-m/nofp\libc_nano.a(lib_a-init.o)
                0x080023f8                __libc_init_array
 *(.glue_7)
 .glue_7        0x08002440        0x0 linker stubs
 *(.glue_7t)
 .glue_7t       0x08002440        0x0 linker stubs
 *(.eh_frame)
 .eh_frame      0x08002440        0x0 c:/program files (x86)/gnu tools arm embedded/8 2019-q3-update/bin/../lib/gcc/arm-none-eabi/8.3.1/thumb/v7-m/nofp/crtbegin.o
 *(.init)
 .init          0x08002440        0x4 c:/program files (x86)/gnu tools arm embedded/8 2019-q3-update/bin/../lib/gcc/arm-none-eabi/8.3.1/thumb/v7-m/nofp/crti.o
                0x08002440                _init
 .init          0x08002444        0x8 c:/program files (x86)/gnu tools arm embedded/8 2019-q3-update/bin/../lib/gcc/arm-none-eabi/8.3.1/thumb/v7-m/nofp/crtn.o
 *(.fini)
 .fini          0x0800244c        0x4 c:/program files (x86)/gnu tools arm embedded/8 2019-q3-update/bin/../lib/gcc/arm-none-eabi/8.3.1/thumb/v7-m/nofp/crti.o
                0x0800244c                _fini
 .fini          0x08002450        0x8 c:/program files (x86)/gnu tools arm embedded/8 2019-q3-update/bin/../lib/gcc/arm-none-eabi/8.3.1/thumb/v7-m/nofp/crtn.o
                0x08002458                . = ALIGN (0x4)
                0x08002458                _etext = .

.vfp11_veneer   0x08002458        0x0
 .vfp11_veneer  0x08002458        0x0 linker stubs

.v4_bx          0x08002458        0x0
 .v4_bx         0x08002458        0x0 linker stubs

.iplt           0x08002458        0x0
 .iplt          0x08002458        0x0 c:/program files (x86)/gnu tools arm embedded/8 2019-q3-update/bin/../lib/gcc/arm-none-eabi/8.3.1/thumb/v7-m/nofp/crtbegin.o

.rodata         0x08002458       0x58
                0x08002458                . = ALIGN (0x4)
 *(.rodata)
 .rodata        0x08002458       0x14 build/freertos.o
 .rodata        0x0800246c       0x12 build/stm32f1xx_hal_rcc.o
 *(.rodata*)
 *fill*         0x0800247e        0x2 
 .rodata.str1.4
                0x08002480        0xc build/freertos.o
 .rodata.uxTopUsedPriority
                0x0800248c        0x4 build/freertos.o
                0x0800248c                uxTopUsedPriority
 .rodata.AHBPrescTable
                0x08002490       0x10 build/system_stm32f1xx.o
                0x08002490                AHBPrescTable
 .rodata.APBPrescTable
                0x080024a0        0x8 build/system_stm32f1xx.o
                0x080024a0                APBPrescTable
 .rodata.vTaskStartScheduler.str1.4
                0x080024a8        0x8 build/tasks.o
                                  0x5 (size before relaxing)
                0x080024b0                . = ALIGN (0x4)

.rel.dyn        0x080024b0        0x0
 .rel.iplt      0x080024b0        0x0 c:/program files (x86)/gnu tools arm embedded/8 2019-q3-update/bin/../lib/gcc/arm-none-eabi/8.3.1/thumb/v7-m/nofp/crtbegin.o

.ARM.extab
 *(.ARM.extab* .gnu.linkonce.armextab.*)

.ARM            0x080024b0        0x0
                0x080024b0                __exidx_start = .
 *(.ARM.exidx*)
                0x080024b0                __exidx_end = .

.preinit_array  0x080024b0        0x0
                0x080024b0                PROVIDE (__preinit_array_start = .)
 *(.preinit_array*)
                0x080024b0                PROVIDE (__preinit_array_end = .)

.init_array     0x080024b0        0x4
                0x080024b0                PROVIDE (__init_array_start = .)
 *(SORT_BY_NAME(.init_array.*))
 *(.init_array*)
 .init_array    0x080024b0        0x4 c:/program files (x86)/gnu tools arm embedded/8 2019-q3-update/bin/../lib/gcc/arm-none-eabi/8.3.1/thumb/v7-m/nofp/crtbegin.o
                0x080024b4                PROVIDE (__init_array_end = .)

.fini_array     0x080024b4        0x4
                [!provide]                PROVIDE (__fini_array_start = .)
 *(SORT_BY_NAME(.fini_array.*))
 *(.fini_array*)
 .fini_array    0x080024b4        0x4 c:/program files (x86)/gnu tools arm embedded/8 2019-q3-update/bin/../lib/gcc/arm-none-eabi/8.3.1/thumb/v7-m/nofp/crtbegin.o
                [!provide]                PROVIDE (__fini_array_end = .)
                0x080024b8                _sidata = LOADADDR (.data)

.data           0x20000000       0x24 load address 0x080024b8
                0x20000000                . = ALIGN (0x4)
                0x20000000                _sdata = .
 *(.data)
 *(.data*)
 .data.Stat     0x20000000        0x1 build/user_diskio.o
 *fill*         0x20000001        0x3 
 .data.USER_Driver
                0x20000004       0x14 build/user_diskio.o
                0x20000004                USER_Driver
 .data.uwTickFreq
                0x20000018        0x1 build/stm32f1xx_hal.o
                0x20000018                uwTickFreq
 *fill*         0x20000019        0x3 
 .data.SystemCoreClock
                0x2000001c        0x4 build/system_stm32f1xx.o
                0x2000001c                SystemCoreClock
 .data.uxCriticalNesting
                0x20000020        0x4 build/port.o
                0x20000024                . = ALIGN (0x4)
                0x20000024                _edata = .

.igot.plt       0x20000024        0x0 load address 0x080024dc
 .igot.plt      0x20000024        0x0 c:/program files (x86)/gnu tools arm embedded/8 2019-q3-update/bin/../lib/gcc/arm-none-eabi/8.3.1/thumb/v7-m/nofp/crtbegin.o
                0x20000024                . = ALIGN (0x4)

.bss            0x20000024     0x126c load address 0x080024dc
                0x20000024                _sbss = .
                0x20000024                __bss_start__ = _sbss
 *(.bss)
 .bss           0x20000024       0x1c c:/program files (x86)/gnu tools arm embedded/8 2019-q3-update/bin/../lib/gcc/arm-none-eabi/8.3.1/thumb/v7-m/nofp/crtbegin.o
 *(.bss*)
 .bss.disk      0x20000040        0xc build/ff_gen_drv.o
                0x20000040                disk
 .bss.pxCurrentTCB
                0x2000004c        0x4 build/tasks.o
                0x2000004c                pxCurrentTCB
 .bss.pxDelayedTaskList
                0x20000050        0x4 build/tasks.o
 .bss.pxOverflowDelayedTaskList
                0x20000054        0x4 build/tasks.o
 .bss.pxReadyTasksLists
                0x20000058       0x8c build/tasks.o
 .bss.uxCurrentNumberOfTasks
                0x200000e4        0x4 build/tasks.o
 .bss.uxDeletedTasksWaitingCleanUp
                0x200000e8        0x4 build/tasks.o
 .bss.uxPendedTicks
                0x200000ec        0x4 build/tasks.o
 .bss.uxSchedulerSuspended
                0x200000f0        0x4 build/tasks.o
 .bss.uxTaskNumber
                0x200000f4        0x4 build/tasks.o
 .bss.uxTopReadyPriority
                0x200000f8        0x4 build/tasks.o
 .bss.xDelayedTaskList1
                0x200000fc       0x14 build/tasks.o
 .bss.xDelayedTaskList2
                0x20000110       0x14 build/tasks.o
 .bss.xIdleTaskHandle
                0x20000124        0x4 build/tasks.o
 .bss.xNextTaskUnblockTime
                0x20000128        0x4 build/tasks.o
 .bss.xNumOfOverflows
                0x2000012c        0x4 build/tasks.o
 .bss.xPendingReadyList
                0x20000130       0x14 build/tasks.o
 .bss.xSchedulerRunning
                0x20000144        0x4 build/tasks.o
 .bss.xSuspendedTaskList
                0x20000148       0x14 build/tasks.o
 .bss.xTasksWaitingTermination
                0x2000015c       0x14 build/tasks.o
 .bss.xTickCount
                0x20000170        0x4 build/tasks.o
 .bss.xYieldPending
                0x20000174        0x4 build/tasks.o
 .bss.pxEnd     0x20000178        0x4 build/heap_4.o
 .bss.ucHeap    0x2000017c      0xc00 build/heap_4.o
 .bss.xBlockAllocatedBit
                0x20000d7c        0x4 build/heap_4.o
 .bss.xFreeBytesRemaining
                0x20000d80        0x4 build/heap_4.o
 .bss.xMinimumEverFreeBytesRemaining
                0x20000d84        0x4 build/heap_4.o
 .bss.xStart    0x20000d88        0x8 build/heap_4.o
 .bss.ucMaxSysCallPriority
                0x20000d90        0x1 build/port.o
 *fill*         0x20000d91        0x3 
 .bss.ulMaxPRIGROUPValue
                0x20000d94        0x4 build/port.o
 .bss.FSMC_Initialized
                0x20000d98        0x4 build/fsmc.o
 *(COMMON)
 COMMON         0x20000d9c      0x468 build/fatfs.o
                0x20000d9c                USERPath
                0x20000da0                retUSER
                0x20000da4                USERFile
                0x20000fd0                USERFatFS
 COMMON         0x20001204        0x4 build/freertos.o
                0x20001204                defaultTaskHandle
 COMMON         0x20001208       0x40 build/stm32f1xx_hal_timebase_tim.o
                0x20001208                htim7
 COMMON         0x20001248        0x4 build/stm32f1xx_hal.o
                0x20001248                uwTick
 COMMON         0x2000124c       0x44 build/fsmc.o
                0x2000124c                hsram1
                0x20001290                . = ALIGN (0x4)
                0x20001290                _ebss = .
                0x20001290                __bss_end__ = _ebss

._user_heap_stack
                0x20001290      0x600 load address 0x080024dc
                0x20001290                . = ALIGN (0x8)
                [!provide]                PROVIDE (end = .)
                [!provide]                PROVIDE (_end = .)
                0x20001490                . = (. + _Min_Heap_Size)
 *fill*         0x20001290      0x200 
                0x20001890                . = (. + _Min_Stack_Size)
 *fill*         0x20001490      0x400 
                0x20001890                . = ALIGN (0x8)

/DISCARD/
 libc.a(*)
 libm.a(*)
 libgcc.a(*)

.ARM.attributes
                0x00000000       0x29
 *(.ARM.attributes)
 .ARM.attributes
                0x00000000       0x1d c:/program files (x86)/gnu tools arm embedded/8 2019-q3-update/bin/../lib/gcc/arm-none-eabi/8.3.1/thumb/v7-m/nofp/crti.o
 .ARM.attributes
                0x0000001d       0x2d c:/program files (x86)/gnu tools arm embedded/8 2019-q3-update/bin/../lib/gcc/arm-none-eabi/8.3.1/thumb/v7-m/nofp/crtbegin.o
 .ARM.attributes
                0x0000004a       0x2d build/lcd.o
 .ARM.attributes
                0x00000077       0x2d build/main.o
 .ARM.attributes
                0x000000a4       0x2d build/gpio.o
 .ARM.attributes
                0x000000d1       0x2d build/user_diskio.o
 .ARM.attributes
                0x000000fe       0x2d build/fatfs.o
 .ARM.attributes
                0x0000012b       0x2d build/freertos.o
 .ARM.attributes
                0x00000158       0x2d build/stm32f1xx_it.o
 .ARM.attributes
                0x00000185       0x2d build/stm32f1xx_hal_msp.o
 .ARM.attributes
                0x000001b2       0x2d build/stm32f1xx_hal_timebase_tim.o
 .ARM.attributes
                0x000001df       0x2d build/stm32f1xx_hal_tim.o
 .ARM.attributes
                0x0000020c       0x2d build/stm32f1xx_hal_tim_ex.o
 .ARM.attributes
                0x00000239       0x2d build/stm32f1xx_hal.o
 .ARM.attributes
                0x00000266       0x2d build/stm32f1xx_hal_rcc.o
 .ARM.attributes
                0x00000293       0x2d build/stm32f1xx_hal_gpio.o
 .ARM.attributes
                0x000002c0       0x2d build/stm32f1xx_hal_cortex.o
 .ARM.attributes
                0x000002ed       0x2d build/system_stm32f1xx.o
 .ARM.attributes
                0x0000031a       0x2d build/ff_gen_drv.o
 .ARM.attributes
                0x00000347       0x2d build/list.o
 .ARM.attributes
                0x00000374       0x2d build/tasks.o
 .ARM.attributes
                0x000003a1       0x2d build/cmsis_os.o
 .ARM.attributes
                0x000003ce       0x2d build/heap_4.o
 .ARM.attributes
                0x000003fb       0x2d build/port.o
 .ARM.attributes
                0x00000428       0x2d build/fsmc.o
 .ARM.attributes
                0x00000455       0x2d build/stm32f1xx_ll_fsmc.o
 .ARM.attributes
                0x00000482       0x2d build/stm32f1xx_hal_sram.o
 .ARM.attributes
                0x000004af       0x21 build/startup_stm32f103xe.o
 .ARM.attributes
                0x000004d0       0x2d c:/program files (x86)/gnu tools arm embedded/8 2019-q3-update/bin/../lib/gcc/arm-none-eabi/8.3.1/../../../../arm-none-eabi/lib/thumb/v7-m/nofp\libc_nano.a(lib_a-init.o)
 .ARM.attributes
                0x000004fd       0x1d c:/program files (x86)/gnu tools arm embedded/8 2019-q3-update/bin/../lib/gcc/arm-none-eabi/8.3.1/thumb/v7-m/nofp/crtn.o
OUTPUT(build/MusicCar.elf elf32-littlearm)

.debug_info     0x00000000    0x158c2
 .debug_info    0x00000000     0x151e build/lcd.o
 .debug_info    0x0000151e     0x1100 build/main.o
 .debug_info    0x0000261e      0x547 build/gpio.o
 .debug_info    0x00002b65      0x514 build/user_diskio.o
 .debug_info    0x00003079      0x732 build/fatfs.o
 .debug_info    0x000037ab      0x4e6 build/freertos.o
 .debug_info    0x00003c91      0x822 build/stm32f1xx_it.o
 .debug_info    0x000044b3      0x58e build/stm32f1xx_hal_msp.o
 .debug_info    0x00004a41      0xbf7 build/stm32f1xx_hal_timebase_tim.o
 .debug_info    0x00005638     0x36ed build/stm32f1xx_hal_tim.o
 .debug_info    0x00008d25     0x16a8 build/stm32f1xx_hal_tim_ex.o
 .debug_info    0x0000a3cd      0x998 build/stm32f1xx_hal.o
 .debug_info    0x0000ad65      0xc13 build/stm32f1xx_hal_rcc.o
 .debug_info    0x0000b978      0x849 build/stm32f1xx_hal_gpio.o
 .debug_info    0x0000c1c1      0xfd6 build/stm32f1xx_hal_cortex.o
 .debug_info    0x0000d197      0x55f build/system_stm32f1xx.o
 .debug_info    0x0000d6f6      0x5b4 build/ff_gen_drv.o
 .debug_info    0x0000dcaa      0x3ee build/list.o
 .debug_info    0x0000e098     0x2756 build/tasks.o
 .debug_info    0x000107ee     0x1f45 build/cmsis_os.o
 .debug_info    0x00012733      0x5ca build/heap_4.o
 .debug_info    0x00012cfd      0x56a build/port.o
 .debug_info    0x00013267      0xb52 build/fsmc.o
 .debug_info    0x00013db9      0xc87 build/stm32f1xx_ll_fsmc.o
 .debug_info    0x00014a40      0xe60 build/stm32f1xx_hal_sram.o
 .debug_info    0x000158a0       0x22 build/startup_stm32f103xe.o

.debug_abbrev   0x00000000     0x39e2
 .debug_abbrev  0x00000000      0x28b build/lcd.o
 .debug_abbrev  0x0000028b      0x277 build/main.o
 .debug_abbrev  0x00000502      0x19d build/gpio.o
 .debug_abbrev  0x0000069f      0x19a build/user_diskio.o
 .debug_abbrev  0x00000839      0x1cc build/fatfs.o
 .debug_abbrev  0x00000a05      0x1ee build/freertos.o
 .debug_abbrev  0x00000bf3      0x19b build/stm32f1xx_it.o
 .debug_abbrev  0x00000d8e      0x18d build/stm32f1xx_hal_msp.o
 .debug_abbrev  0x00000f1b      0x221 build/stm32f1xx_hal_timebase_tim.o
 .debug_abbrev  0x0000113c      0x2db build/stm32f1xx_hal_tim.o
 .debug_abbrev  0x00001417      0x2b0 build/stm32f1xx_hal_tim_ex.o
 .debug_abbrev  0x000016c7      0x28c build/stm32f1xx_hal.o
 .debug_abbrev  0x00001953      0x2ea build/stm32f1xx_hal_rcc.o
 .debug_abbrev  0x00001c3d      0x26e build/stm32f1xx_hal_gpio.o
 .debug_abbrev  0x00001eab      0x39d build/stm32f1xx_hal_cortex.o
 .debug_abbrev  0x00002248      0x183 build/system_stm32f1xx.o
 .debug_abbrev  0x000023cb      0x205 build/ff_gen_drv.o
 .debug_abbrev  0x000025d0      0x143 build/list.o
 .debug_abbrev  0x00002713      0x3bc build/tasks.o
 .debug_abbrev  0x00002acf      0x393 build/cmsis_os.o
 .debug_abbrev  0x00002e62      0x284 build/heap_4.o
 .debug_abbrev  0x000030e6      0x2b9 build/port.o
 .debug_abbrev  0x0000339f      0x1fc build/fsmc.o
 .debug_abbrev  0x0000359b      0x1fc build/stm32f1xx_ll_fsmc.o
 .debug_abbrev  0x00003797      0x239 build/stm32f1xx_hal_sram.o
 .debug_abbrev  0x000039d0       0x12 build/startup_stm32f103xe.o

.debug_loc      0x00000000     0xd616
 .debug_loc     0x00000000      0xa61 build/lcd.o
 .debug_loc     0x00000a61       0xbb build/main.o
 .debug_loc     0x00000b1c       0x39 build/gpio.o
 .debug_loc     0x00000b55       0xb9 build/user_diskio.o
 .debug_loc     0x00000c0e       0x20 build/fatfs.o
 .debug_loc     0x00000c2e       0x7d build/freertos.o
 .debug_loc     0x00000cab       0x20 build/stm32f1xx_it.o
 .debug_loc     0x00000ccb       0x4d build/stm32f1xx_hal_msp.o
 .debug_loc     0x00000d18       0xcd build/stm32f1xx_hal_timebase_tim.o
 .debug_loc     0x00000de5     0x480b build/stm32f1xx_hal_tim.o
 .debug_loc     0x000055f0     0x14c3 build/stm32f1xx_hal_tim_ex.o
 .debug_loc     0x00006ab3      0x1cc build/stm32f1xx_hal.o
 .debug_loc     0x00006c7f      0x815 build/stm32f1xx_hal_rcc.o
 .debug_loc     0x00007494      0x594 build/stm32f1xx_hal_gpio.o
 .debug_loc     0x00007a28      0x76b build/stm32f1xx_hal_cortex.o
 .debug_loc     0x00008193       0xff build/system_stm32f1xx.o
 .debug_loc     0x00008292      0x2eb build/ff_gen_drv.o
 .debug_loc     0x0000857d       0xbf build/list.o
 .debug_loc     0x0000863c     0x1db9 build/tasks.o
 .debug_loc     0x0000a3f5     0x193e build/cmsis_os.o
 .debug_loc     0x0000bd33      0x3a8 build/heap_4.o
 .debug_loc     0x0000c0db      0x134 build/port.o
 .debug_loc     0x0000c20f      0x132 build/fsmc.o
 .debug_loc     0x0000c341      0x6db build/stm32f1xx_ll_fsmc.o
 .debug_loc     0x0000ca1c      0xbfa build/stm32f1xx_hal_sram.o

.debug_aranges  0x00000000      0xfa0
 .debug_aranges
                0x00000000       0xa8 build/lcd.o
 .debug_aranges
                0x000000a8       0x38 build/main.o
 .debug_aranges
                0x000000e0       0x20 build/gpio.o
 .debug_aranges
                0x00000100       0x40 build/user_diskio.o
 .debug_aranges
                0x00000140       0x28 build/fatfs.o
 .debug_aranges
                0x00000168       0x28 build/freertos.o
 .debug_aranges
                0x00000190       0x50 build/stm32f1xx_it.o
 .debug_aranges
                0x000001e0       0x20 build/stm32f1xx_hal_msp.o
 .debug_aranges
                0x00000200       0x30 build/stm32f1xx_hal_timebase_tim.o
 .debug_aranges
                0x00000230      0x368 build/stm32f1xx_hal_tim.o
 .debug_aranges
                0x00000598      0x138 build/stm32f1xx_hal_tim_ex.o
 .debug_aranges
                0x000006d0       0xd0 build/stm32f1xx_hal.o
 .debug_aranges
                0x000007a0       0x90 build/stm32f1xx_hal_rcc.o
 .debug_aranges
                0x00000830       0x58 build/stm32f1xx_hal_gpio.o
 .debug_aranges
                0x00000888       0x90 build/stm32f1xx_hal_cortex.o
 .debug_aranges
                0x00000918       0x28 build/system_stm32f1xx.o
 .debug_aranges
                0x00000940       0x40 build/ff_gen_drv.o
 .debug_aranges
                0x00000980       0x40 build/list.o
 .debug_aranges
                0x000009c0      0x190 build/tasks.o
 .debug_aranges
                0x00000b50      0x1d8 build/cmsis_os.o
 .debug_aranges
                0x00000d28       0x50 build/heap_4.o
 .debug_aranges
                0x00000d78       0x78 build/port.o
 .debug_aranges
                0x00000df0       0x40 build/fsmc.o
 .debug_aranges
                0x00000e30       0xa8 build/stm32f1xx_ll_fsmc.o
 .debug_aranges
                0x00000ed8       0xa0 build/stm32f1xx_hal_sram.o
 .debug_aranges
                0x00000f78       0x28 build/startup_stm32f103xe.o

.debug_ranges   0x00000000      0xf18
 .debug_ranges  0x00000000       0x98 build/lcd.o
 .debug_ranges  0x00000098       0x28 build/main.o
 .debug_ranges  0x000000c0       0x10 build/gpio.o
 .debug_ranges  0x000000d0       0x30 build/user_diskio.o
 .debug_ranges  0x00000100       0x18 build/fatfs.o
 .debug_ranges  0x00000118       0x18 build/freertos.o
 .debug_ranges  0x00000130       0x40 build/stm32f1xx_it.o
 .debug_ranges  0x00000170       0x10 build/stm32f1xx_hal_msp.o
 .debug_ranges  0x00000180       0x20 build/stm32f1xx_hal_timebase_tim.o
 .debug_ranges  0x000001a0      0x358 build/stm32f1xx_hal_tim.o
 .debug_ranges  0x000004f8      0x128 build/stm32f1xx_hal_tim_ex.o
 .debug_ranges  0x00000620       0xc0 build/stm32f1xx_hal.o
 .debug_ranges  0x000006e0       0xa0 build/stm32f1xx_hal_rcc.o
 .debug_ranges  0x00000780       0x48 build/stm32f1xx_hal_gpio.o
 .debug_ranges  0x000007c8       0xc8 build/stm32f1xx_hal_cortex.o
 .debug_ranges  0x00000890       0x18 build/system_stm32f1xx.o
 .debug_ranges  0x000008a8       0x30 build/ff_gen_drv.o
 .debug_ranges  0x000008d8       0x30 build/list.o
 .debug_ranges  0x00000908      0x228 build/tasks.o
 .debug_ranges  0x00000b30      0x1c8 build/cmsis_os.o
 .debug_ranges  0x00000cf8       0x40 build/heap_4.o
 .debug_ranges  0x00000d38       0x68 build/port.o
 .debug_ranges  0x00000da0       0x30 build/fsmc.o
 .debug_ranges  0x00000dd0       0x98 build/stm32f1xx_ll_fsmc.o
 .debug_ranges  0x00000e68       0x90 build/stm32f1xx_hal_sram.o
 .debug_ranges  0x00000ef8       0x20 build/startup_stm32f103xe.o

.debug_line     0x00000000     0xc00a
 .debug_line    0x00000000      0x6e8 build/lcd.o
 .debug_line    0x000006e8      0x3aa build/main.o
 .debug_line    0x00000a92      0x1b2 build/gpio.o
 .debug_line    0x00000c44      0x1d4 build/user_diskio.o
 .debug_line    0x00000e18      0x21d build/fatfs.o
 .debug_line    0x00001035      0x1f8 build/freertos.o
 .debug_line    0x0000122d      0x200 build/stm32f1xx_it.o
 .debug_line    0x0000142d      0x14b build/stm32f1xx_hal_msp.o
 .debug_line    0x00001578      0x235 build/stm32f1xx_hal_timebase_tim.o
 .debug_line    0x000017ad     0x2de7 build/stm32f1xx_hal_tim.o
 .debug_line    0x00004594      0xdd4 build/stm32f1xx_hal_tim_ex.o
 .debug_line    0x00005368      0x44d build/stm32f1xx_hal.o
 .debug_line    0x000057b5      0xb22 build/stm32f1xx_hal_rcc.o
 .debug_line    0x000062d7      0x5a3 build/stm32f1xx_hal_gpio.o
 .debug_line    0x0000687a      0x563 build/stm32f1xx_hal_cortex.o
 .debug_line    0x00006ddd      0x221 build/system_stm32f1xx.o
 .debug_line    0x00006ffe      0x285 build/ff_gen_drv.o
 .debug_line    0x00007283      0x2d6 build/list.o
 .debug_line    0x00007559     0x1f40 build/tasks.o
 .debug_line    0x00009499     0x1054 build/cmsis_os.o
 .debug_line    0x0000a4ed      0x5d1 build/heap_4.o
 .debug_line    0x0000aabe      0x490 build/port.o
 .debug_line    0x0000af4e      0x33d build/fsmc.o
 .debug_line    0x0000b28b      0x53e build/stm32f1xx_ll_fsmc.o
 .debug_line    0x0000b7c9      0x7cf build/stm32f1xx_hal_sram.o
 .debug_line    0x0000bf98       0x72 build/startup_stm32f103xe.o

.debug_str      0x00000000     0x4ec8
 .debug_str     0x00000000      0x4bb build/lcd.o
                                0x4fb (size before relaxing)
 .debug_str     0x000004bb      0x8a6 build/main.o
                                0xbbc (size before relaxing)
 .debug_str     0x00000d61       0x8b build/gpio.o
                                0x36c (size before relaxing)
 .debug_str     0x00000dec       0x6a build/user_diskio.o
                                0x3b4 (size before relaxing)
 .debug_str     0x00000e56       0x37 build/fatfs.o
                                0x49a (size before relaxing)
 .debug_str     0x00000e8d      0x17a build/freertos.o
                                0x470 (size before relaxing)
 .debug_str     0x00001007       0xa1 build/stm32f1xx_it.o
                                0x6f2 (size before relaxing)
 .debug_str     0x000010a8      0x420 build/stm32f1xx_hal_msp.o
                                0x6e7 (size before relaxing)
 .debug_str     0x000014c8      0x103 build/stm32f1xx_hal_timebase_tim.o
                                0xbcc (size before relaxing)
 .debug_str     0x000015cb      0xd0d build/stm32f1xx_hal_tim.o
                               0x1429 (size before relaxing)
 .debug_str     0x000022d8      0x4ee build/stm32f1xx_hal_tim_ex.o
                                0xccb (size before relaxing)
 .debug_str     0x000027c6      0x21d build/stm32f1xx_hal.o
                                0x954 (size before relaxing)
 .debug_str     0x000029e3      0x1a7 build/stm32f1xx_hal_rcc.o
                                0x6d1 (size before relaxing)
 .debug_str     0x00002b8a      0x114 build/stm32f1xx_hal_gpio.o
                                0x4fa (size before relaxing)
 .debug_str     0x00002c9e      0x2b2 build/stm32f1xx_hal_cortex.o
                                0xa7c (size before relaxing)
 .debug_str     0x00002f50       0x4a build/system_stm32f1xx.o
                                0x36e (size before relaxing)
 .debug_str     0x00002f9a       0xb7 build/ff_gen_drv.o
                                0x406 (size before relaxing)
 .debug_str     0x00003051      0x24f build/list.o
                                0x3f8 (size before relaxing)
 .debug_str     0x000032a0      0xb10 build/tasks.o
                                0xede (size before relaxing)
 .debug_str     0x00003db0      0x7a9 build/cmsis_os.o
                                0xdb1 (size before relaxing)
 .debug_str     0x00004559      0x1de build/heap_4.o
                                0x4d7 (size before relaxing)
 .debug_str     0x00004737      0x165 build/port.o
                                0x443 (size before relaxing)
 .debug_str     0x0000489c      0x108 build/fsmc.o
                                0x836 (size before relaxing)
 .debug_str     0x000049a4      0x353 build/stm32f1xx_ll_fsmc.o
                                0x7ee (size before relaxing)
 .debug_str     0x00004cf7      0x1ad build/stm32f1xx_hal_sram.o
                                0x959 (size before relaxing)
 .debug_str     0x00004ea4       0x24 build/startup_stm32f103xe.o
                                 0x67 (size before relaxing)

.comment        0x00000000       0x76
 .comment       0x00000000       0x76 build/lcd.o
                                 0x77 (size before relaxing)
 .comment       0x00000076       0x77 build/main.o
 .comment       0x00000076       0x77 build/gpio.o
 .comment       0x00000076       0x77 build/user_diskio.o
 .comment       0x00000076       0x77 build/fatfs.o
 .comment       0x00000076       0x77 build/freertos.o
 .comment       0x00000076       0x77 build/stm32f1xx_it.o
 .comment       0x00000076       0x77 build/stm32f1xx_hal_msp.o
 .comment       0x00000076       0x77 build/stm32f1xx_hal_timebase_tim.o
 .comment       0x00000076       0x77 build/stm32f1xx_hal_tim.o
 .comment       0x00000076       0x77 build/stm32f1xx_hal_tim_ex.o
 .comment       0x00000076       0x77 build/stm32f1xx_hal.o
 .comment       0x00000076       0x77 build/stm32f1xx_hal_rcc.o
 .comment       0x00000076       0x77 build/stm32f1xx_hal_gpio.o
 .comment       0x00000076       0x77 build/stm32f1xx_hal_cortex.o
 .comment       0x00000076       0x77 build/system_stm32f1xx.o
 .comment       0x00000076       0x77 build/ff_gen_drv.o
 .comment       0x00000076       0x77 build/list.o
 .comment       0x00000076       0x77 build/tasks.o
 .comment       0x00000076       0x77 build/cmsis_os.o
 .comment       0x00000076       0x77 build/heap_4.o
 .comment       0x00000076       0x77 build/port.o
 .comment       0x00000076       0x77 build/fsmc.o
 .comment       0x00000076       0x77 build/stm32f1xx_ll_fsmc.o
 .comment       0x00000076       0x77 build/stm32f1xx_hal_sram.o

.debug_frame    0x00000000     0x2c6c
 .debug_frame   0x00000000      0x244 build/lcd.o
 .debug_frame   0x00000244       0x7c build/main.o
 .debug_frame   0x000002c0       0x40 build/gpio.o
 .debug_frame   0x00000300       0x60 build/user_diskio.o
 .debug_frame   0x00000360       0x3c build/fatfs.o
 .debug_frame   0x0000039c       0x50 build/freertos.o
 .debug_frame   0x000003ec       0x8c build/stm32f1xx_it.o
 .debug_frame   0x00000478       0x2c build/stm32f1xx_hal_msp.o
 .debug_frame   0x000004a4       0x50 build/stm32f1xx_hal_timebase_tim.o
 .debug_frame   0x000004f4      0xb04 build/stm32f1xx_hal_tim.o
 .debug_frame   0x00000ff8      0x3e4 build/stm32f1xx_hal_tim_ex.o
 .debug_frame   0x000013dc      0x1c0 build/stm32f1xx_hal.o
 .debug_frame   0x0000159c      0x1b0 build/stm32f1xx_hal_rcc.o
 .debug_frame   0x0000174c       0xe8 build/stm32f1xx_hal_gpio.o
 .debug_frame   0x00001834      0x13c build/stm32f1xx_hal_cortex.o
 .debug_frame   0x00001970       0x30 build/system_stm32f1xx.o
 .debug_frame   0x000019a0       0x88 build/ff_gen_drv.o
 .debug_frame   0x00001a28       0x70 build/list.o
 .debug_frame   0x00001a98      0x58c build/tasks.o
 .debug_frame   0x00002024      0x638 build/cmsis_os.o
 .debug_frame   0x0000265c       0xbc build/heap_4.o
 .debug_frame   0x00002718       0xe8 build/port.o
 .debug_frame   0x00002800       0xb0 build/fsmc.o
 .debug_frame   0x000028b0      0x1a8 build/stm32f1xx_ll_fsmc.o
 .debug_frame   0x00002a58      0x1e8 build/stm32f1xx_hal_sram.o
 .debug_frame   0x00002c40       0x2c c:/program files (x86)/gnu tools arm embedded/8 2019-q3-update/bin/../lib/gcc/arm-none-eabi/8.3.1/../../../../arm-none-eabi/lib/thumb/v7-m/nofp\libc_nano.a(lib_a-init.o)

Cross Reference Table

Symbol                                            File
ADC1_2_IRQHandler                                 build/startup_stm32f103xe.o
ADC3_IRQHandler                                   build/startup_stm32f103xe.o
AHBPrescTable                                     build/system_stm32f1xx.o
                                                  build/stm32f1xx_hal_rcc.o
APBPrescTable                                     build/system_stm32f1xx.o
                                                  build/stm32f1xx_hal_rcc.o
BusFault_Handler                                  build/stm32f1xx_it.o
CAN1_RX1_IRQHandler                               build/startup_stm32f103xe.o
CAN1_SCE_IRQHandler                               build/startup_stm32f103xe.o
DMA1_Channel1_IRQHandler                          build/startup_stm32f103xe.o
DMA1_Channel2_IRQHandler                          build/startup_stm32f103xe.o
DMA1_Channel3_IRQHandler                          build/startup_stm32f103xe.o
DMA1_Channel4_IRQHandler                          build/startup_stm32f103xe.o
DMA1_Channel5_IRQHandler                          build/startup_stm32f103xe.o
DMA1_Channel6_IRQHandler                          build/startup_stm32f103xe.o
DMA1_Channel7_IRQHandler                          build/startup_stm32f103xe.o
DMA2_Channel1_IRQHandler                          build/startup_stm32f103xe.o
DMA2_Channel2_IRQHandler                          build/startup_stm32f103xe.o
DMA2_Channel3_IRQHandler                          build/startup_stm32f103xe.o
DMA2_Channel4_5_IRQHandler                        build/startup_stm32f103xe.o
DebugMon_Handler                                  build/stm32f1xx_it.o
Default_Handler                                   build/startup_stm32f103xe.o
Delay                                             build/lcd.o
EXTI0_IRQHandler                                  build/startup_stm32f103xe.o
EXTI15_10_IRQHandler                              build/startup_stm32f103xe.o
EXTI1_IRQHandler                                  build/startup_stm32f103xe.o
EXTI2_IRQHandler                                  build/startup_stm32f103xe.o
EXTI3_IRQHandler                                  build/startup_stm32f103xe.o
EXTI4_IRQHandler                                  build/startup_stm32f103xe.o
EXTI9_5_IRQHandler                                build/startup_stm32f103xe.o
Error_Handler                                     build/main.o
                                                  build/fsmc.o
FATFS_GetAttachedDriversNbr                       build/ff_gen_drv.o
FATFS_LinkDriver                                  build/ff_gen_drv.o
                                                  build/fatfs.o
FATFS_LinkDriverEx                                build/ff_gen_drv.o
FATFS_UnLinkDriver                                build/ff_gen_drv.o
FATFS_UnLinkDriverEx                              build/ff_gen_drv.o
FLASH_IRQHandler                                  build/startup_stm32f103xe.o
FLASH_PageErase                                   build/stm32f1xx_hal_flash_ex.o
                                                  build/stm32f1xx_hal_flash.o
FLASH_WaitForLastOperation                        build/stm32f1xx_hal_flash.o
                                                  build/stm32f1xx_hal_flash_ex.o
FSMC_IRQHandler                                   build/startup_stm32f103xe.o
FSMC_NAND_AttributeSpace_Timing_Init              build/stm32f1xx_ll_fsmc.o
FSMC_NAND_CommonSpace_Timing_Init                 build/stm32f1xx_ll_fsmc.o
FSMC_NAND_DeInit                                  build/stm32f1xx_ll_fsmc.o
FSMC_NAND_ECC_Disable                             build/stm32f1xx_ll_fsmc.o
FSMC_NAND_ECC_Enable                              build/stm32f1xx_ll_fsmc.o
FSMC_NAND_GetECC                                  build/stm32f1xx_ll_fsmc.o
FSMC_NAND_Init                                    build/stm32f1xx_ll_fsmc.o
FSMC_NORSRAM_DeInit                               build/stm32f1xx_ll_fsmc.o
                                                  build/stm32f1xx_hal_sram.o
FSMC_NORSRAM_Extended_Timing_Init                 build/stm32f1xx_ll_fsmc.o
                                                  build/stm32f1xx_hal_sram.o
FSMC_NORSRAM_Init                                 build/stm32f1xx_ll_fsmc.o
                                                  build/stm32f1xx_hal_sram.o
FSMC_NORSRAM_Timing_Init                          build/stm32f1xx_ll_fsmc.o
                                                  build/stm32f1xx_hal_sram.o
FSMC_NORSRAM_WriteOperation_Disable               build/stm32f1xx_ll_fsmc.o
                                                  build/stm32f1xx_hal_sram.o
FSMC_NORSRAM_WriteOperation_Enable                build/stm32f1xx_ll_fsmc.o
                                                  build/stm32f1xx_hal_sram.o
FSMC_PCCARD_AttributeSpace_Timing_Init            build/stm32f1xx_ll_fsmc.o
FSMC_PCCARD_CommonSpace_Timing_Init               build/stm32f1xx_ll_fsmc.o
FSMC_PCCARD_DeInit                                build/stm32f1xx_ll_fsmc.o
FSMC_PCCARD_IOSpace_Timing_Init                   build/stm32f1xx_ll_fsmc.o
FSMC_PCCARD_Init                                  build/stm32f1xx_ll_fsmc.o
HAL_DBGMCU_DisableDBGSleepMode                    build/stm32f1xx_hal.o
HAL_DBGMCU_DisableDBGStandbyMode                  build/stm32f1xx_hal.o
HAL_DBGMCU_DisableDBGStopMode                     build/stm32f1xx_hal.o
HAL_DBGMCU_EnableDBGSleepMode                     build/stm32f1xx_hal.o
HAL_DBGMCU_EnableDBGStandbyMode                   build/stm32f1xx_hal.o
HAL_DBGMCU_EnableDBGStopMode                      build/stm32f1xx_hal.o
HAL_DMA_Abort                                     build/stm32f1xx_hal_dma.o
                                                  build/stm32f1xx_hal_tim.o
HAL_DMA_Abort_IT                                  build/stm32f1xx_hal_dma.o
HAL_DMA_DeInit                                    build/stm32f1xx_hal_dma.o
HAL_DMA_GetError                                  build/stm32f1xx_hal_dma.o
HAL_DMA_GetState                                  build/stm32f1xx_hal_dma.o
HAL_DMA_IRQHandler                                build/stm32f1xx_hal_dma.o
HAL_DMA_Init                                      build/stm32f1xx_hal_dma.o
HAL_DMA_PollForTransfer                           build/stm32f1xx_hal_dma.o
HAL_DMA_RegisterCallback                          build/stm32f1xx_hal_dma.o
HAL_DMA_Start                                     build/stm32f1xx_hal_dma.o
HAL_DMA_Start_IT                                  build/stm32f1xx_hal_dma.o
                                                  build/stm32f1xx_hal_sram.o
                                                  build/stm32f1xx_hal_tim_ex.o
                                                  build/stm32f1xx_hal_tim.o
HAL_DMA_UnRegisterCallback                        build/stm32f1xx_hal_dma.o
HAL_DeInit                                        build/stm32f1xx_hal.o
HAL_Delay                                         build/stm32f1xx_hal.o
HAL_FLASHEx_Erase                                 build/stm32f1xx_hal_flash_ex.o
HAL_FLASHEx_Erase_IT                              build/stm32f1xx_hal_flash_ex.o
HAL_FLASHEx_OBErase                               build/stm32f1xx_hal_flash_ex.o
HAL_FLASHEx_OBGetConfig                           build/stm32f1xx_hal_flash_ex.o
HAL_FLASHEx_OBGetUserData                         build/stm32f1xx_hal_flash_ex.o
HAL_FLASHEx_OBProgram                             build/stm32f1xx_hal_flash_ex.o
HAL_FLASH_EndOfOperationCallback                  build/stm32f1xx_hal_flash.o
HAL_FLASH_GetError                                build/stm32f1xx_hal_flash.o
HAL_FLASH_IRQHandler                              build/stm32f1xx_hal_flash.o
HAL_FLASH_Lock                                    build/stm32f1xx_hal_flash.o
HAL_FLASH_OB_Launch                               build/stm32f1xx_hal_flash.o
HAL_FLASH_OB_Lock                                 build/stm32f1xx_hal_flash.o
HAL_FLASH_OB_Unlock                               build/stm32f1xx_hal_flash.o
HAL_FLASH_OperationErrorCallback                  build/stm32f1xx_hal_flash.o
HAL_FLASH_Program                                 build/stm32f1xx_hal_flash.o
HAL_FLASH_Program_IT                              build/stm32f1xx_hal_flash.o
HAL_FLASH_Unlock                                  build/stm32f1xx_hal_flash.o
HAL_GPIOEx_ConfigEventout                         build/stm32f1xx_hal_gpio_ex.o
HAL_GPIOEx_DisableEventout                        build/stm32f1xx_hal_gpio_ex.o
HAL_GPIOEx_EnableEventout                         build/stm32f1xx_hal_gpio_ex.o
HAL_GPIO_DeInit                                   build/stm32f1xx_hal_gpio.o
                                                  build/fsmc.o
HAL_GPIO_EXTI_Callback                            build/stm32f1xx_hal_gpio.o
HAL_GPIO_EXTI_IRQHandler                          build/stm32f1xx_hal_gpio.o
HAL_GPIO_Init                                     build/stm32f1xx_hal_gpio.o
                                                  build/fsmc.o
                                                  build/stm32f1xx_hal_rcc.o
                                                  build/gpio.o
HAL_GPIO_LockPin                                  build/stm32f1xx_hal_gpio.o
HAL_GPIO_ReadPin                                  build/stm32f1xx_hal_gpio.o
HAL_GPIO_TogglePin                                build/stm32f1xx_hal_gpio.o
                                                  build/freertos.o
HAL_GPIO_WritePin                                 build/stm32f1xx_hal_gpio.o
                                                  build/gpio.o
                                                  build/lcd.o
HAL_GetDEVID                                      build/stm32f1xx_hal.o
HAL_GetHalVersion                                 build/stm32f1xx_hal.o
HAL_GetREVID                                      build/stm32f1xx_hal.o
HAL_GetTick                                       build/stm32f1xx_hal.o
                                                  build/stm32f1xx_ll_fsmc.o
                                                  build/stm32f1xx_hal_flash.o
                                                  build/stm32f1xx_hal_dma.o
                                                  build/stm32f1xx_hal_rcc_ex.o
                                                  build/stm32f1xx_hal_rcc.o
HAL_GetTickFreq                                   build/stm32f1xx_hal.o
HAL_GetTickPrio                                   build/stm32f1xx_hal.o
HAL_GetUID                                        build/stm32f1xx_hal.o
HAL_IncTick                                       build/stm32f1xx_hal.o
                                                  build/main.o
HAL_Init                                          build/stm32f1xx_hal.o
                                                  build/main.o
HAL_InitTick                                      build/stm32f1xx_hal_timebase_tim.o
                                                  build/stm32f1xx_hal_rcc.o
HAL_MspDeInit                                     build/stm32f1xx_hal.o
HAL_MspInit                                       build/stm32f1xx_hal_msp.o
HAL_NVIC_ClearPendingIRQ                          build/stm32f1xx_hal_cortex.o
HAL_NVIC_DisableIRQ                               build/stm32f1xx_hal_cortex.o
HAL_NVIC_EnableIRQ                                build/stm32f1xx_hal_cortex.o
                                                  build/stm32f1xx_hal_timebase_tim.o
HAL_NVIC_GetActive                                build/stm32f1xx_hal_cortex.o
HAL_NVIC_GetPendingIRQ                            build/stm32f1xx_hal_cortex.o
HAL_NVIC_GetPriority                              build/stm32f1xx_hal_cortex.o
HAL_NVIC_GetPriorityGrouping                      build/stm32f1xx_hal_cortex.o
HAL_NVIC_SetPendingIRQ                            build/stm32f1xx_hal_cortex.o
HAL_NVIC_SetPriority                              build/stm32f1xx_hal_cortex.o
                                                  build/stm32f1xx_hal.o
                                                  build/stm32f1xx_hal_timebase_tim.o
                                                  build/stm32f1xx_hal_msp.o
HAL_NVIC_SetPriorityGrouping                      build/stm32f1xx_hal_cortex.o
                                                  build/stm32f1xx_hal.o
HAL_NVIC_SystemReset                              build/stm32f1xx_hal_cortex.o
                                                  build/stm32f1xx_hal_flash.o
HAL_PWR_ConfigPVD                                 build/stm32f1xx_hal_pwr.o
HAL_PWR_DeInit                                    build/stm32f1xx_hal_pwr.o
HAL_PWR_DisableBkUpAccess                         build/stm32f1xx_hal_pwr.o
HAL_PWR_DisablePVD                                build/stm32f1xx_hal_pwr.o
HAL_PWR_DisableSEVOnPend                          build/stm32f1xx_hal_pwr.o
HAL_PWR_DisableSleepOnExit                        build/stm32f1xx_hal_pwr.o
HAL_PWR_DisableWakeUpPin                          build/stm32f1xx_hal_pwr.o
HAL_PWR_EnableBkUpAccess                          build/stm32f1xx_hal_pwr.o
HAL_PWR_EnablePVD                                 build/stm32f1xx_hal_pwr.o
HAL_PWR_EnableSEVOnPend                           build/stm32f1xx_hal_pwr.o
HAL_PWR_EnableSleepOnExit                         build/stm32f1xx_hal_pwr.o
HAL_PWR_EnableWakeUpPin                           build/stm32f1xx_hal_pwr.o
HAL_PWR_EnterSLEEPMode                            build/stm32f1xx_hal_pwr.o
HAL_PWR_EnterSTANDBYMode                          build/stm32f1xx_hal_pwr.o
HAL_PWR_EnterSTOPMode                             build/stm32f1xx_hal_pwr.o
HAL_PWR_PVDCallback                               build/stm32f1xx_hal_pwr.o
HAL_PWR_PVD_IRQHandler                            build/stm32f1xx_hal_pwr.o
HAL_RCCEx_GetPeriphCLKConfig                      build/stm32f1xx_hal_rcc_ex.o
HAL_RCCEx_GetPeriphCLKFreq                        build/stm32f1xx_hal_rcc_ex.o
HAL_RCCEx_PeriphCLKConfig                         build/stm32f1xx_hal_rcc_ex.o
HAL_RCC_CSSCallback                               build/stm32f1xx_hal_rcc.o
HAL_RCC_ClockConfig                               build/stm32f1xx_hal_rcc.o
                                                  build/main.o
HAL_RCC_DeInit                                    build/stm32f1xx_hal_rcc.o
HAL_RCC_DisableCSS                                build/stm32f1xx_hal_rcc.o
HAL_RCC_EnableCSS                                 build/stm32f1xx_hal_rcc.o
HAL_RCC_GetClockConfig                            build/stm32f1xx_hal_rcc.o
                                                  build/stm32f1xx_hal_timebase_tim.o
HAL_RCC_GetHCLKFreq                               build/stm32f1xx_hal_rcc.o
HAL_RCC_GetOscConfig                              build/stm32f1xx_hal_rcc.o
HAL_RCC_GetPCLK1Freq                              build/stm32f1xx_hal_rcc.o
                                                  build/stm32f1xx_hal_timebase_tim.o
HAL_RCC_GetPCLK2Freq                              build/stm32f1xx_hal_rcc.o
                                                  build/stm32f1xx_hal_rcc_ex.o
HAL_RCC_GetSysClockFreq                           build/stm32f1xx_hal_rcc.o
                                                  build/stm32f1xx_hal_rcc_ex.o
HAL_RCC_MCOConfig                                 build/stm32f1xx_hal_rcc.o
HAL_RCC_NMI_IRQHandler                            build/stm32f1xx_hal_rcc.o
HAL_RCC_OscConfig                                 build/stm32f1xx_hal_rcc.o
                                                  build/main.o
HAL_ResumeTick                                    build/stm32f1xx_hal_timebase_tim.o
HAL_SRAM_DMA_XferCpltCallback                     build/stm32f1xx_hal_sram.o
HAL_SRAM_DMA_XferErrorCallback                    build/stm32f1xx_hal_sram.o
HAL_SRAM_DeInit                                   build/stm32f1xx_hal_sram.o
HAL_SRAM_GetState                                 build/stm32f1xx_hal_sram.o
HAL_SRAM_Init                                     build/stm32f1xx_hal_sram.o
                                                  build/fsmc.o
HAL_SRAM_MspDeInit                                build/fsmc.o
HAL_SRAM_MspInit                                  build/fsmc.o
HAL_SRAM_Read_16b                                 build/stm32f1xx_hal_sram.o
HAL_SRAM_Read_32b                                 build/stm32f1xx_hal_sram.o
HAL_SRAM_Read_8b                                  build/stm32f1xx_hal_sram.o
HAL_SRAM_Read_DMA                                 build/stm32f1xx_hal_sram.o
HAL_SRAM_WriteOperation_Disable                   build/stm32f1xx_hal_sram.o
HAL_SRAM_WriteOperation_Enable                    build/stm32f1xx_hal_sram.o
HAL_SRAM_Write_16b                                build/stm32f1xx_hal_sram.o
HAL_SRAM_Write_32b                                build/stm32f1xx_hal_sram.o
HAL_SRAM_Write_8b                                 build/stm32f1xx_hal_sram.o
HAL_SRAM_Write_DMA                                build/stm32f1xx_hal_sram.o
HAL_SYSTICK_CLKSourceConfig                       build/stm32f1xx_hal_cortex.o
HAL_SYSTICK_Callback                              build/stm32f1xx_hal_cortex.o
HAL_SYSTICK_Config                                build/stm32f1xx_hal_cortex.o
                                                  build/stm32f1xx_hal.o
HAL_SYSTICK_IRQHandler                            build/stm32f1xx_hal_cortex.o
HAL_SetTickFreq                                   build/stm32f1xx_hal.o
HAL_SuspendTick                                   build/stm32f1xx_hal_timebase_tim.o
HAL_TIMEx_BreakCallback                           build/stm32f1xx_hal_tim_ex.o
                                                  build/stm32f1xx_hal_tim.o
HAL_TIMEx_CommutationCallback                     build/stm32f1xx_hal_tim_ex.o
                                                  build/stm32f1xx_hal_tim.o
HAL_TIMEx_ConfigBreakDeadTime                     build/stm32f1xx_hal_tim_ex.o
HAL_TIMEx_ConfigCommutationEvent                  build/stm32f1xx_hal_tim_ex.o
HAL_TIMEx_ConfigCommutationEvent_DMA              build/stm32f1xx_hal_tim_ex.o
HAL_TIMEx_ConfigCommutationEvent_IT               build/stm32f1xx_hal_tim_ex.o
HAL_TIMEx_HallSensor_DeInit                       build/stm32f1xx_hal_tim_ex.o
HAL_TIMEx_HallSensor_GetState                     build/stm32f1xx_hal_tim_ex.o
HAL_TIMEx_HallSensor_Init                         build/stm32f1xx_hal_tim_ex.o
HAL_TIMEx_HallSensor_MspDeInit                    build/stm32f1xx_hal_tim_ex.o
HAL_TIMEx_HallSensor_MspInit                      build/stm32f1xx_hal_tim_ex.o
HAL_TIMEx_HallSensor_Start                        build/stm32f1xx_hal_tim_ex.o
HAL_TIMEx_HallSensor_Start_DMA                    build/stm32f1xx_hal_tim_ex.o
HAL_TIMEx_HallSensor_Start_IT                     build/stm32f1xx_hal_tim_ex.o
HAL_TIMEx_HallSensor_Stop                         build/stm32f1xx_hal_tim_ex.o
HAL_TIMEx_HallSensor_Stop_DMA                     build/stm32f1xx_hal_tim_ex.o
HAL_TIMEx_HallSensor_Stop_IT                      build/stm32f1xx_hal_tim_ex.o
HAL_TIMEx_MasterConfigSynchronization             build/stm32f1xx_hal_tim_ex.o
HAL_TIMEx_OCN_Start                               build/stm32f1xx_hal_tim_ex.o
HAL_TIMEx_OCN_Start_DMA                           build/stm32f1xx_hal_tim_ex.o
HAL_TIMEx_OCN_Start_IT                            build/stm32f1xx_hal_tim_ex.o
HAL_TIMEx_OCN_Stop                                build/stm32f1xx_hal_tim_ex.o
HAL_TIMEx_OCN_Stop_DMA                            build/stm32f1xx_hal_tim_ex.o
HAL_TIMEx_OCN_Stop_IT                             build/stm32f1xx_hal_tim_ex.o
HAL_TIMEx_OnePulseN_Start                         build/stm32f1xx_hal_tim_ex.o
HAL_TIMEx_OnePulseN_Start_IT                      build/stm32f1xx_hal_tim_ex.o
HAL_TIMEx_OnePulseN_Stop                          build/stm32f1xx_hal_tim_ex.o
HAL_TIMEx_OnePulseN_Stop_IT                       build/stm32f1xx_hal_tim_ex.o
HAL_TIMEx_PWMN_Start                              build/stm32f1xx_hal_tim_ex.o
HAL_TIMEx_PWMN_Start_DMA                          build/stm32f1xx_hal_tim_ex.o
HAL_TIMEx_PWMN_Start_IT                           build/stm32f1xx_hal_tim_ex.o
HAL_TIMEx_PWMN_Stop                               build/stm32f1xx_hal_tim_ex.o
HAL_TIMEx_PWMN_Stop_DMA                           build/stm32f1xx_hal_tim_ex.o
HAL_TIMEx_PWMN_Stop_IT                            build/stm32f1xx_hal_tim_ex.o
HAL_TIM_Base_DeInit                               build/stm32f1xx_hal_tim.o
HAL_TIM_Base_GetState                             build/stm32f1xx_hal_tim.o
HAL_TIM_Base_Init                                 build/stm32f1xx_hal_tim.o
                                                  build/stm32f1xx_hal_timebase_tim.o
HAL_TIM_Base_MspDeInit                            build/stm32f1xx_hal_tim.o
HAL_TIM_Base_MspInit                              build/stm32f1xx_hal_tim.o
HAL_TIM_Base_Start                                build/stm32f1xx_hal_tim.o
HAL_TIM_Base_Start_DMA                            build/stm32f1xx_hal_tim.o
HAL_TIM_Base_Start_IT                             build/stm32f1xx_hal_tim.o
                                                  build/stm32f1xx_hal_timebase_tim.o
HAL_TIM_Base_Stop                                 build/stm32f1xx_hal_tim.o
HAL_TIM_Base_Stop_DMA                             build/stm32f1xx_hal_tim.o
HAL_TIM_Base_Stop_IT                              build/stm32f1xx_hal_tim.o
HAL_TIM_ConfigClockSource                         build/stm32f1xx_hal_tim.o
HAL_TIM_ConfigOCrefClear                          build/stm32f1xx_hal_tim.o
HAL_TIM_ConfigTI1Input                            build/stm32f1xx_hal_tim.o
HAL_TIM_DMABurst_ReadStart                        build/stm32f1xx_hal_tim.o
HAL_TIM_DMABurst_ReadStop                         build/stm32f1xx_hal_tim.o
HAL_TIM_DMABurst_WriteStart                       build/stm32f1xx_hal_tim.o
HAL_TIM_DMABurst_WriteStop                        build/stm32f1xx_hal_tim.o
HAL_TIM_Encoder_DeInit                            build/stm32f1xx_hal_tim.o
HAL_TIM_Encoder_GetState                          build/stm32f1xx_hal_tim.o
HAL_TIM_Encoder_Init                              build/stm32f1xx_hal_tim.o
HAL_TIM_Encoder_MspDeInit                         build/stm32f1xx_hal_tim.o
HAL_TIM_Encoder_MspInit                           build/stm32f1xx_hal_tim.o
HAL_TIM_Encoder_Start                             build/stm32f1xx_hal_tim.o
HAL_TIM_Encoder_Start_DMA                         build/stm32f1xx_hal_tim.o
HAL_TIM_Encoder_Start_IT                          build/stm32f1xx_hal_tim.o
HAL_TIM_Encoder_Stop                              build/stm32f1xx_hal_tim.o
HAL_TIM_Encoder_Stop_DMA                          build/stm32f1xx_hal_tim.o
HAL_TIM_Encoder_Stop_IT                           build/stm32f1xx_hal_tim.o
HAL_TIM_ErrorCallback                             build/stm32f1xx_hal_tim.o
HAL_TIM_GenerateEvent                             build/stm32f1xx_hal_tim.o
HAL_TIM_IC_CaptureCallback                        build/stm32f1xx_hal_tim.o
HAL_TIM_IC_ConfigChannel                          build/stm32f1xx_hal_tim.o
HAL_TIM_IC_DeInit                                 build/stm32f1xx_hal_tim.o
HAL_TIM_IC_GetState                               build/stm32f1xx_hal_tim.o
HAL_TIM_IC_Init                                   build/stm32f1xx_hal_tim.o
HAL_TIM_IC_MspDeInit                              build/stm32f1xx_hal_tim.o
HAL_TIM_IC_MspInit                                build/stm32f1xx_hal_tim.o
HAL_TIM_IC_Start                                  build/stm32f1xx_hal_tim.o
HAL_TIM_IC_Start_DMA                              build/stm32f1xx_hal_tim.o
HAL_TIM_IC_Start_IT                               build/stm32f1xx_hal_tim.o
HAL_TIM_IC_Stop                                   build/stm32f1xx_hal_tim.o
HAL_TIM_IC_Stop_DMA                               build/stm32f1xx_hal_tim.o
HAL_TIM_IC_Stop_IT                                build/stm32f1xx_hal_tim.o
HAL_TIM_IRQHandler                                build/stm32f1xx_hal_tim.o
                                                  build/stm32f1xx_it.o
HAL_TIM_OC_ConfigChannel                          build/stm32f1xx_hal_tim.o
HAL_TIM_OC_DeInit                                 build/stm32f1xx_hal_tim.o
HAL_TIM_OC_DelayElapsedCallback                   build/stm32f1xx_hal_tim.o
HAL_TIM_OC_GetState                               build/stm32f1xx_hal_tim.o
HAL_TIM_OC_Init                                   build/stm32f1xx_hal_tim.o
HAL_TIM_OC_MspDeInit                              build/stm32f1xx_hal_tim.o
HAL_TIM_OC_MspInit                                build/stm32f1xx_hal_tim.o
HAL_TIM_OC_Start                                  build/stm32f1xx_hal_tim.o
HAL_TIM_OC_Start_DMA                              build/stm32f1xx_hal_tim.o
HAL_TIM_OC_Start_IT                               build/stm32f1xx_hal_tim.o
HAL_TIM_OC_Stop                                   build/stm32f1xx_hal_tim.o
HAL_TIM_OC_Stop_DMA                               build/stm32f1xx_hal_tim.o
HAL_TIM_OC_Stop_IT                                build/stm32f1xx_hal_tim.o
HAL_TIM_OnePulse_ConfigChannel                    build/stm32f1xx_hal_tim.o
HAL_TIM_OnePulse_DeInit                           build/stm32f1xx_hal_tim.o
HAL_TIM_OnePulse_GetState                         build/stm32f1xx_hal_tim.o
HAL_TIM_OnePulse_Init                             build/stm32f1xx_hal_tim.o
HAL_TIM_OnePulse_MspDeInit                        build/stm32f1xx_hal_tim.o
HAL_TIM_OnePulse_MspInit                          build/stm32f1xx_hal_tim.o
HAL_TIM_OnePulse_Start                            build/stm32f1xx_hal_tim.o
HAL_TIM_OnePulse_Start_IT                         build/stm32f1xx_hal_tim.o
HAL_TIM_OnePulse_Stop                             build/stm32f1xx_hal_tim.o
HAL_TIM_OnePulse_Stop_IT                          build/stm32f1xx_hal_tim.o
HAL_TIM_PWM_ConfigChannel                         build/stm32f1xx_hal_tim.o
HAL_TIM_PWM_DeInit                                build/stm32f1xx_hal_tim.o
HAL_TIM_PWM_GetState                              build/stm32f1xx_hal_tim.o
HAL_TIM_PWM_Init                                  build/stm32f1xx_hal_tim.o
HAL_TIM_PWM_MspDeInit                             build/stm32f1xx_hal_tim.o
HAL_TIM_PWM_MspInit                               build/stm32f1xx_hal_tim.o
HAL_TIM_PWM_PulseFinishedCallback                 build/stm32f1xx_hal_tim.o
HAL_TIM_PWM_Start                                 build/stm32f1xx_hal_tim.o
HAL_TIM_PWM_Start_DMA                             build/stm32f1xx_hal_tim.o
HAL_TIM_PWM_Start_IT                              build/stm32f1xx_hal_tim.o
HAL_TIM_PWM_Stop                                  build/stm32f1xx_hal_tim.o
HAL_TIM_PWM_Stop_DMA                              build/stm32f1xx_hal_tim.o
HAL_TIM_PWM_Stop_IT                               build/stm32f1xx_hal_tim.o
HAL_TIM_PeriodElapsedCallback                     build/main.o
HAL_TIM_ReadCapturedValue                         build/stm32f1xx_hal_tim.o
HAL_TIM_SlaveConfigSynchronization                build/stm32f1xx_hal_tim.o
HAL_TIM_SlaveConfigSynchronization_IT             build/stm32f1xx_hal_tim.o
HAL_TIM_TriggerCallback                           build/stm32f1xx_hal_tim.o
HardFault_Handler                                 build/stm32f1xx_it.o
I2C1_ER_IRQHandler                                build/startup_stm32f103xe.o
I2C1_EV_IRQHandler                                build/startup_stm32f103xe.o
I2C2_ER_IRQHandler                                build/startup_stm32f103xe.o
I2C2_EV_IRQHandler                                build/startup_stm32f103xe.o
LCD_BackLed_Control                               build/lcd.o
LCD_Clear                                         build/lcd.o
LCD_DrawChar                                      build/lcd.o
LCD_DrawCircle                                    build/lcd.o
LCD_DrawDot                                       build/lcd.o
LCD_DrawLine                                      build/lcd.o
LCD_DrawString                                    build/lcd.o
LCD_FillColor                                     build/lcd.o
LCD_GetPointPixel                                 build/lcd.o
LCD_INIT                                          build/lcd.o
                                                  build/main.o
LCD_OpenWindow                                    build/lcd.o
LCD_REG_Config                                    build/lcd.o
LCD_Read_Data                                     build/lcd.o
LCD_Read_PixelData                                build/lcd.o
LCD_Rst                                           build/lcd.o
LCD_Write_Cmd                                     build/lcd.o
LCD_Write_Data                                    build/lcd.o
MX_FATFS_Init                                     build/fatfs.o
                                                  build/freertos.o
MX_FREERTOS_Init                                  build/freertos.o
                                                  build/main.o
MX_FSMC_Init                                      build/fsmc.o
                                                  build/main.o
MX_GPIO_Init                                      build/gpio.o
                                                  build/main.o
MemManage_Handler                                 build/stm32f1xx_it.o
NMI_Handler                                       build/stm32f1xx_it.o
PVD_IRQHandler                                    build/startup_stm32f103xe.o
PendSV_Handler                                    build/port.o
RCC_IRQHandler                                    build/startup_stm32f103xe.o
RTC_Alarm_IRQHandler                              build/startup_stm32f103xe.o
RTC_IRQHandler                                    build/startup_stm32f103xe.o
Reset_Handler                                     build/startup_stm32f103xe.o
SDIO_IRQHandler                                   build/startup_stm32f103xe.o
SPI1_IRQHandler                                   build/startup_stm32f103xe.o
SPI2_IRQHandler                                   build/startup_stm32f103xe.o
SPI3_IRQHandler                                   build/startup_stm32f103xe.o
SVC_Handler                                       build/port.o
StartDefaultTask                                  build/freertos.o
SysTick_Handler                                   build/port.o
                                                  build/cmsis_os.o
SystemClock_Config                                build/main.o
SystemCoreClock                                   build/system_stm32f1xx.o
                                                  build/port.o
                                                  build/stm32f1xx_hal_rcc.o
                                                  build/stm32f1xx_hal.o
SystemCoreClockUpdate                             build/system_stm32f1xx.o
SystemInit                                        build/system_stm32f1xx.o
                                                  build/startup_stm32f103xe.o
TAMPER_IRQHandler                                 build/startup_stm32f103xe.o
TIM1_BRK_IRQHandler                               build/startup_stm32f103xe.o
TIM1_CC_IRQHandler                                build/startup_stm32f103xe.o
TIM1_TRG_COM_IRQHandler                           build/startup_stm32f103xe.o
TIM1_UP_IRQHandler                                build/startup_stm32f103xe.o
TIM2_IRQHandler                                   build/startup_stm32f103xe.o
TIM3_IRQHandler                                   build/startup_stm32f103xe.o
TIM4_IRQHandler                                   build/startup_stm32f103xe.o
TIM5_IRQHandler                                   build/startup_stm32f103xe.o
TIM6_IRQHandler                                   build/startup_stm32f103xe.o
TIM7_IRQHandler                                   build/stm32f1xx_it.o
TIM8_BRK_IRQHandler                               build/startup_stm32f103xe.o
TIM8_CC_IRQHandler                                build/startup_stm32f103xe.o
TIM8_TRG_COM_IRQHandler                           build/startup_stm32f103xe.o
TIM8_UP_IRQHandler                                build/startup_stm32f103xe.o
TIMEx_DMACommutationCplt                          build/stm32f1xx_hal_tim_ex.o
                                                  build/stm32f1xx_hal_tim.o
TIM_Base_SetConfig                                build/stm32f1xx_hal_tim.o
                                                  build/stm32f1xx_hal_tim_ex.o
TIM_CCxChannelCmd                                 build/stm32f1xx_hal_tim.o
                                                  build/stm32f1xx_hal_tim_ex.o
TIM_DMACaptureCplt                                build/stm32f1xx_hal_tim.o
                                                  build/stm32f1xx_hal_tim_ex.o
TIM_DMADelayPulseCplt                             build/stm32f1xx_hal_tim.o
                                                  build/stm32f1xx_hal_tim_ex.o
TIM_DMAError                                      build/stm32f1xx_hal_tim.o
                                                  build/stm32f1xx_hal_tim_ex.o
TIM_OC2_SetConfig                                 build/stm32f1xx_hal_tim.o
                                                  build/stm32f1xx_hal_tim_ex.o
TIM_TI1_SetConfig                                 build/stm32f1xx_hal_tim.o
                                                  build/stm32f1xx_hal_tim_ex.o
UART4_IRQHandler                                  build/startup_stm32f103xe.o
UART5_IRQHandler                                  build/startup_stm32f103xe.o
USART1_IRQHandler                                 build/startup_stm32f103xe.o
USART2_IRQHandler                                 build/startup_stm32f103xe.o
USART3_IRQHandler                                 build/startup_stm32f103xe.o
USBWakeUp_IRQHandler                              build/startup_stm32f103xe.o
USB_HP_CAN1_TX_IRQHandler                         build/startup_stm32f103xe.o
USB_LP_CAN1_RX0_IRQHandler                        build/startup_stm32f103xe.o
USERFatFS                                         build/fatfs.o
USERFile                                          build/fatfs.o
USERPath                                          build/fatfs.o
USER_Driver                                       build/user_diskio.o
                                                  build/fatfs.o
USER_initialize                                   build/user_diskio.o
USER_ioctl                                        build/user_diskio.o
USER_read                                         build/user_diskio.o
USER_status                                       build/user_diskio.o
USER_write                                        build/user_diskio.o
UsageFault_Handler                                build/stm32f1xx_it.o
WWDG_IRQHandler                                   build/startup_stm32f103xe.o
__bss_end__                                       c:/program files (x86)/gnu tools arm embedded/8 2019-q3-update/bin/../lib/gcc/arm-none-eabi/8.3.1/../../../../arm-none-eabi/lib/thumb/v7-m/nofp/crt0.o
__bss_start__                                     c:/program files (x86)/gnu tools arm embedded/8 2019-q3-update/bin/../lib/gcc/arm-none-eabi/8.3.1/../../../../arm-none-eabi/lib/thumb/v7-m/nofp/crt0.o
__call_exitprocs                                  c:/program files (x86)/gnu tools arm embedded/8 2019-q3-update/bin/../lib/gcc/arm-none-eabi/8.3.1/../../../../arm-none-eabi/lib/thumb/v7-m/nofp\libc_nano.a(lib_a-exit.o)
__deregister_frame_info                           c:/program files (x86)/gnu tools arm embedded/8 2019-q3-update/bin/../lib/gcc/arm-none-eabi/8.3.1/thumb/v7-m/nofp/crtbegin.o
__dso_handle                                      c:/program files (x86)/gnu tools arm embedded/8 2019-q3-update/bin/../lib/gcc/arm-none-eabi/8.3.1/thumb/v7-m/nofp/crtbegin.o
__init_array_end                                  c:/program files (x86)/gnu tools arm embedded/8 2019-q3-update/bin/../lib/gcc/arm-none-eabi/8.3.1/../../../../arm-none-eabi/lib/thumb/v7-m/nofp\libc_nano.a(lib_a-init.o)
__init_array_start                                c:/program files (x86)/gnu tools arm embedded/8 2019-q3-update/bin/../lib/gcc/arm-none-eabi/8.3.1/../../../../arm-none-eabi/lib/thumb/v7-m/nofp\libc_nano.a(lib_a-init.o)
__libc_fini_array                                 c:/program files (x86)/gnu tools arm embedded/8 2019-q3-update/bin/../lib/gcc/arm-none-eabi/8.3.1/../../../../arm-none-eabi/lib/thumb/v7-m/nofp/crt0.o
__libc_init_array                                 c:/program files (x86)/gnu tools arm embedded/8 2019-q3-update/bin/../lib/gcc/arm-none-eabi/8.3.1/../../../../arm-none-eabi/lib/thumb/v7-m/nofp\libc_nano.a(lib_a-init.o)
                                                  build/startup_stm32f103xe.o
                                                  c:/program files (x86)/gnu tools arm embedded/8 2019-q3-update/bin/../lib/gcc/arm-none-eabi/8.3.1/../../../../arm-none-eabi/lib/thumb/v7-m/nofp/crt0.o
__preinit_array_end                               c:/program files (x86)/gnu tools arm embedded/8 2019-q3-update/bin/../lib/gcc/arm-none-eabi/8.3.1/../../../../arm-none-eabi/lib/thumb/v7-m/nofp\libc_nano.a(lib_a-init.o)
__preinit_array_start                             c:/program files (x86)/gnu tools arm embedded/8 2019-q3-update/bin/../lib/gcc/arm-none-eabi/8.3.1/../../../../arm-none-eabi/lib/thumb/v7-m/nofp\libc_nano.a(lib_a-init.o)
__register_frame_info                             c:/program files (x86)/gnu tools arm embedded/8 2019-q3-update/bin/../lib/gcc/arm-none-eabi/8.3.1/thumb/v7-m/nofp/crtbegin.o
__sf_fake_stderr                                  c:/program files (x86)/gnu tools arm embedded/8 2019-q3-update/bin/../lib/gcc/arm-none-eabi/8.3.1/../../../../arm-none-eabi/lib/thumb/v7-m/nofp\libc_nano.a(lib_a-impure.o)
__sf_fake_stdin                                   c:/program files (x86)/gnu tools arm embedded/8 2019-q3-update/bin/../lib/gcc/arm-none-eabi/8.3.1/../../../../arm-none-eabi/lib/thumb/v7-m/nofp\libc_nano.a(lib_a-impure.o)
__sf_fake_stdout                                  c:/program files (x86)/gnu tools arm embedded/8 2019-q3-update/bin/../lib/gcc/arm-none-eabi/8.3.1/../../../../arm-none-eabi/lib/thumb/v7-m/nofp\libc_nano.a(lib_a-impure.o)
__stack                                           c:/program files (x86)/gnu tools arm embedded/8 2019-q3-update/bin/../lib/gcc/arm-none-eabi/8.3.1/../../../../arm-none-eabi/lib/thumb/v7-m/nofp/crt0.o
_ebss                                             build/startup_stm32f103xe.o
_edata                                            build/startup_stm32f103xe.o
_estack                                           build/startup_stm32f103xe.o
_exit                                             c:/program files (x86)/gnu tools arm embedded/8 2019-q3-update/bin/../lib/gcc/arm-none-eabi/8.3.1/../../../../arm-none-eabi/lib/thumb/v7-m/nofp\libnosys.a(_exit.o)
                                                  c:/program files (x86)/gnu tools arm embedded/8 2019-q3-update/bin/../lib/gcc/arm-none-eabi/8.3.1/../../../../arm-none-eabi/lib/thumb/v7-m/nofp\libc_nano.a(lib_a-exit.o)
_fini                                             c:/program files (x86)/gnu tools arm embedded/8 2019-q3-update/bin/../lib/gcc/arm-none-eabi/8.3.1/thumb/v7-m/nofp/crti.o
_global_impure_ptr                                c:/program files (x86)/gnu tools arm embedded/8 2019-q3-update/bin/../lib/gcc/arm-none-eabi/8.3.1/../../../../arm-none-eabi/lib/thumb/v7-m/nofp\libc_nano.a(lib_a-impure.o)
                                                  c:/program files (x86)/gnu tools arm embedded/8 2019-q3-update/bin/../lib/gcc/arm-none-eabi/8.3.1/../../../../arm-none-eabi/lib/thumb/v7-m/nofp\libc_nano.a(lib_a-exit.o)
_impure_ptr                                       c:/program files (x86)/gnu tools arm embedded/8 2019-q3-update/bin/../lib/gcc/arm-none-eabi/8.3.1/../../../../arm-none-eabi/lib/thumb/v7-m/nofp\libc_nano.a(lib_a-impure.o)
_init                                             c:/program files (x86)/gnu tools arm embedded/8 2019-q3-update/bin/../lib/gcc/arm-none-eabi/8.3.1/thumb/v7-m/nofp/crti.o
                                                  c:/program files (x86)/gnu tools arm embedded/8 2019-q3-update/bin/../lib/gcc/arm-none-eabi/8.3.1/../../../../arm-none-eabi/lib/thumb/v7-m/nofp\libc_nano.a(lib_a-init.o)
_mainCRTStartup                                   c:/program files (x86)/gnu tools arm embedded/8 2019-q3-update/bin/../lib/gcc/arm-none-eabi/8.3.1/../../../../arm-none-eabi/lib/thumb/v7-m/nofp/crt0.o
_sbss                                             build/startup_stm32f103xe.o
_sdata                                            build/startup_stm32f103xe.o
_sidata                                           build/startup_stm32f103xe.o
_start                                            c:/program files (x86)/gnu tools arm embedded/8 2019-q3-update/bin/../lib/gcc/arm-none-eabi/8.3.1/../../../../arm-none-eabi/lib/thumb/v7-m/nofp/crt0.o
atexit                                            c:/program files (x86)/gnu tools arm embedded/8 2019-q3-update/bin/../lib/gcc/arm-none-eabi/8.3.1/../../../../arm-none-eabi/lib/thumb/v7-m/nofp/crt0.o
clust2sect                                        build/ff.o
defaultTaskHandle                                 build/freertos.o
disk                                              build/ff_gen_drv.o
                                                  build/diskio.o
disk_initialize                                   build/diskio.o
                                                  build/ff.o
disk_ioctl                                        build/diskio.o
                                                  build/ff.o
disk_read                                         build/diskio.o
                                                  build/ff.o
disk_status                                       build/diskio.o
                                                  build/ff.o
disk_write                                        build/diskio.o
                                                  build/ff.o
exit                                              c:/program files (x86)/gnu tools arm embedded/8 2019-q3-update/bin/../lib/gcc/arm-none-eabi/8.3.1/../../../../arm-none-eabi/lib/thumb/v7-m/nofp\libc_nano.a(lib_a-exit.o)
                                                  c:/program files (x86)/gnu tools arm embedded/8 2019-q3-update/bin/../lib/gcc/arm-none-eabi/8.3.1/../../../../arm-none-eabi/lib/thumb/v7-m/nofp/crt0.o
f_chmod                                           build/ff.o
f_close                                           build/ff.o
f_closedir                                        build/ff.o
f_getfree                                         build/ff.o
f_gets                                            build/ff.o
f_lseek                                           build/ff.o
f_mkdir                                           build/ff.o
f_mkfs                                            build/ff.o
f_mount                                           build/ff.o
f_open                                            build/ff.o
f_opendir                                         build/ff.o
f_printf                                          build/ff.o
f_putc                                            build/ff.o
f_puts                                            build/ff.o
f_read                                            build/ff.o
f_readdir                                         build/ff.o
f_rename                                          build/ff.o
f_stat                                            build/ff.o
f_sync                                            build/ff.o
f_truncate                                        build/ff.o
f_unlink                                          build/ff.o
f_utime                                           build/ff.o
f_write                                           build/ff.o
ff_cre_syncobj                                    build/syscall.o
                                                  build/ff.o
ff_del_syncobj                                    build/syscall.o
                                                  build/ff.o
ff_rel_grant                                      build/syscall.o